Archive member included to satisfy reference by file (symbol)

app/libapp.a(main.c.obj)      (--whole-archive)
zephyr/libzephyr.a(heap.c.obj)
                              (--whole-archive)
zephyr/libzephyr.a(cbprintf_packaged.c.obj)
                              (--whole-archive)
zephyr/libzephyr.a(printk.c.obj)
                              (--whole-archive)
zephyr/libzephyr.a(sem.c.obj)
                              (--whole-archive)
zephyr/libzephyr.a(thread_entry.c.obj)
                              (--whole-archive)
zephyr/libzephyr.a(cbprintf_complete.c.obj)
                              (--whole-archive)
zephyr/libzephyr.a(assert.c.obj)
                              (--whole-archive)
zephyr/libzephyr.a(mpsc_pbuf.c.obj)
                              (--whole-archive)
zephyr/libzephyr.a(dec.c.obj)
                              (--whole-archive)
zephyr/libzephyr.a(hex.c.obj)
                              (--whole-archive)
zephyr/libzephyr.a(rb.c.obj)  (--whole-archive)
zephyr/libzephyr.a(timeutil.c.obj)
                              (--whole-archive)
zephyr/libzephyr.a(bitarray.c.obj)
                              (--whole-archive)
zephyr/libzephyr.a(onoff.c.obj)
                              (--whole-archive)
zephyr/libzephyr.a(notify.c.obj)
                              (--whole-archive)
zephyr/libzephyr.a(configs.c.obj)
                              (--whole-archive)
zephyr/libzephyr.a(log_core.c.obj)
                              (--whole-archive)
zephyr/libzephyr.a(log_mgmt.c.obj)
                              (--whole-archive)
zephyr/libzephyr.a(log_cache.c.obj)
                              (--whole-archive)
zephyr/libzephyr.a(log_msg.c.obj)
                              (--whole-archive)
zephyr/libzephyr.a(log_output.c.obj)
                              (--whole-archive)
zephyr/libzephyr.a(log_backend_uart.c.obj)
                              (--whole-archive)
zephyr/libzephyr.a(mem_attr.c.obj)
                              (--whole-archive)
zephyr/libzephyr.a(tracing_none.c.obj)
                              (--whole-archive)
zephyr/libzephyr.a(banner.c.obj)
                              (--whole-archive)
zephyr/arch/common/libarch__common.a(sw_isr_common.c.obj)
                              (--whole-archive)
zephyr/arch/arch/arm/core/libarch__arm__core.a(fatal.c.obj)
                              (--whole-archive)
zephyr/arch/arch/arm/core/libarch__arm__core.a(nmi.c.obj)
                              (--whole-archive)
zephyr/arch/arch/arm/core/libarch__arm__core.a(nmi_on_reset.S.obj)
                              (--whole-archive)
zephyr/arch/arch/arm/core/libarch__arm__core.a(tls.c.obj)
                              (--whole-archive)
zephyr/arch/arch/arm/core/cortex_m/libarch__arm__core__cortex_m.a(exc_exit.c.obj)
                              (--whole-archive)
zephyr/arch/arch/arm/core/cortex_m/libarch__arm__core__cortex_m.a(fault.c.obj)
                              (--whole-archive)
zephyr/arch/arch/arm/core/cortex_m/libarch__arm__core__cortex_m.a(fault_s.S.obj)
                              (--whole-archive)
zephyr/arch/arch/arm/core/cortex_m/libarch__arm__core__cortex_m.a(fpu.c.obj)
                              (--whole-archive)
zephyr/arch/arch/arm/core/cortex_m/libarch__arm__core__cortex_m.a(reset.S.obj)
                              (--whole-archive)
zephyr/arch/arch/arm/core/cortex_m/libarch__arm__core__cortex_m.a(scb.c.obj)
                              (--whole-archive)
zephyr/arch/arch/arm/core/cortex_m/libarch__arm__core__cortex_m.a(thread_abort.c.obj)
                              (--whole-archive)
zephyr/arch/arch/arm/core/cortex_m/libarch__arm__core__cortex_m.a(vector_table.S.obj)
                              (--whole-archive)
zephyr/arch/arch/arm/core/cortex_m/libarch__arm__core__cortex_m.a(swap.c.obj)
                              (--whole-archive)
zephyr/arch/arch/arm/core/cortex_m/libarch__arm__core__cortex_m.a(swap_helper.S.obj)
                              (--whole-archive)
zephyr/arch/arch/arm/core/cortex_m/libarch__arm__core__cortex_m.a(irq_manage.c.obj)
                              (--whole-archive)
zephyr/arch/arch/arm/core/cortex_m/libarch__arm__core__cortex_m.a(prep_c.c.obj)
                              (--whole-archive)
zephyr/arch/arch/arm/core/cortex_m/libarch__arm__core__cortex_m.a(thread.c.obj)
                              (--whole-archive)
zephyr/arch/arch/arm/core/cortex_m/libarch__arm__core__cortex_m.a(cpu_idle.c.obj)
                              (--whole-archive)
zephyr/arch/arch/arm/core/cortex_m/libarch__arm__core__cortex_m.a(irq_init.c.obj)
                              (--whole-archive)
zephyr/arch/arch/arm/core/cortex_m/libarch__arm__core__cortex_m.a(isr_wrapper.c.obj)
                              (--whole-archive)
zephyr/arch/arch/arm/core/cortex_m/libarch__arm__core__cortex_m.a(__aeabi_read_tp.S.obj)
                              (--whole-archive)
[...]
Memory Configuration

Name             Origin             Length             Attributes
FLASH            0x0000000000000000 0x0000000000165000 xr
RAM              0x0000000020000000 0x000000000002f000 xw
IDT_LIST         0x00000000ffff7fff 0x0000000000008000 xw
*default*        0x0000000000000000 0xffffffffffffffff

Linker script and memory map

                0x0000000000007f5c                vfprintf = __l_vfprintf
                0x0000000000000000                vfscanf = __l_vfscanf
LOAD zephyr/CMakeFiles/zephyr_final.dir/misc/empty_file.c.obj
LOAD zephyr/CMakeFiles/zephyr_final.dir/isr_tables.c.obj
LOAD zephyr/CMakeFiles/offsets.dir/./arch/arm/core/offsets/offsets.c.obj
LOAD app/libapp.a
LOAD zephyr/libzephyr.a
LOAD zephyr/arch/common/libarch__common.a
LOAD zephyr/arch/arch/arm/core/libarch__arm__core.a
LOAD zephyr/arch/arch/arm/core/cortex_m/libarch__arm__core__cortex_m.a
LOAD zephyr/arch/arch/arm/core/cortex_m/cmse/libarch__arm__core__cortex_m__cmse.a
LOAD zephyr/arch/arch/arm/core/mpu/libarch__arm__core__mpu.a
LOAD zephyr/lib/libc/picolibc/liblib__libc__picolibc.a
LOAD zephyr/lib/libc/common/liblib__libc__common.a
LOAD zephyr/soc/soc/nrf54l15/libsoc__nordic.a
LOAD zephyr/drivers/cache/libdrivers__cache.a
LOAD zephyr/drivers/clock_control/libdrivers__clock_control.a
LOAD zephyr/drivers/console/libdrivers__console.a
LOAD zephyr/drivers/gpio/libdrivers__gpio.a
LOAD zephyr/drivers/pinctrl/libdrivers__pinctrl.a
LOAD zephyr/drivers/serial/libdrivers__serial.a
LOAD zephyr/drivers/timer/libdrivers__timer.a
LOAD modules/hal_nordic/nrfx/libmodules__hal_nordic__nrfx.a
LOAD zephyr/kernel/libkernel.a
LOAD zephyr/arch/common/libisr_tables.a
LOAD c:\ncs\toolchains\b620d30767\opt\zephyr-sdk\arm-zephyr-eabi\bin\../lib/gcc/../../picolibc/arm-zephyr-eabi/lib/thumb/v8-m.main/nofp\libc.a
LOAD c:/ncs/toolchains/b620d30767/opt/zephyr-sdk/arm-zephyr-eabi/bin/../lib/gcc/arm-zephyr-eabi/12.2.0/thumb/v8-m.main/nofp\libgcc.a
                0x0000000000000020                _region_min_align = 0x20

.rel.plt        0x0000000000000000        0x0
 *(SORT_BY_ALIGNMENT(.rel.plt))
                [!provide]                        PROVIDE (__rel_iplt_start = .)
 *(SORT_BY_ALIGNMENT(.rel.iplt))
 .rel.iplt      0x0000000000000000        0x0 zephyr/CMakeFiles/zephyr_final.dir/isr_tables.c.obj
                [!provide]                        PROVIDE (__rel_iplt_end = .)

.rela.plt       0x0000000000000000        0x0
 *(SORT_BY_ALIGNMENT(.rela.plt))
                [!provide]                        PROVIDE (__rela_iplt_start = .)
 *(SORT_BY_ALIGNMENT(.rela.iplt))
                [!provide]                        PROVIDE (__rela_iplt_end = .)

.rel.dyn
 *(SORT_BY_ALIGNMENT(.rel.*))

.rela.dyn
 *(SORT_BY_ALIGNMENT(.rela.*))

/DISCARD/
 *(SORT_BY_ALIGNMENT(.plt))

/DISCARD/
 *(SORT_BY_ALIGNMENT(.iplt))
                0x0000000000000000                __rom_region_start = 0x0

rom_start       0x0000000000000000      0x47c
                0x0000000000000000                __rom_start_address = .
 FILL mask 0x00
                0x0000000000000000                . = (. + (0x0 - (. - __rom_start_address)))
                0x0000000000000000                . = ALIGN (0x4)
                0x0000000000000000                . = ALIGN (0x80)
                0x0000000000000000                . = ALIGN (0x800)
                0x0000000000000000                _vector_start = .
 *(SORT_BY_ALIGNMENT(.exc_vector_table))
 *(SORT_BY_ALIGNMENT(.exc_vector_table.*))
 .exc_vector_table._vector_table_section
                0x0000000000000000       0x40 zephyr/arch/arch/arm/core/cortex_m/libarch__arm__core__cortex_m.a(vector_table.S.obj)
                0x0000000000000000                _vector_table
 *(SORT_BY_ALIGNMENT(.vectors))
                0x000000000000047c                _vector_end = .
                0x0000000000000040                . = ALIGN (0x4)
 *(SORT_BY_ALIGNMENT(.gnu.linkonce.irq_vector_table*))
 .gnu.linkonce.irq_vector_table
                0x0000000000000040      0x43c zephyr/CMakeFiles/zephyr_final.dir/isr_tables.c.obj
                0x0000000000000040                _irq_vector_table
                0x000000000000047c                _vector_end = .

text            0x000000000000047c     0x8d04
                0x000000000000047c                __text_region_start = .
 *(SORT_BY_ALIGNMENT(.text))
 .text          0x000000000000047c       0x30 c:/ncs/toolchains/b620d30767/opt/zephyr-sdk/arm-zephyr-eabi/bin/../lib/gcc/arm-zephyr-eabi/12.2.0/thumb/v8-m.main/nofp\libgcc.a(_aeabi_uldivmod.o)
                0x000000000000047c                __aeabi_uldivmod
 .text          0x00000000000004ac        0x4 c:/ncs/toolchains/b620d30767/opt/zephyr-sdk/arm-zephyr-eabi/bin/../lib/gcc/arm-zephyr-eabi/12.2.0/thumb/v8-m.main/nofp\libgcc.a(_dvmd_tls.o)
                0x00000000000004ac                __aeabi_idiv0
                0x00000000000004ac                __aeabi_ldiv0
 .text          0x00000000000004b0       0x10 c:\ncs\toolchains\b620d30767\opt\zephyr-sdk\arm-zephyr-eabi\bin\../lib/gcc/../../picolibc/arm-zephyr-eabi/lib/thumb/v8-m.main/nofp\libc.a(strlen.S.o)
                0x00000000000004b0                strlen
 .text          0x00000000000004c0      0x29c c:/ncs/toolchains/b620d30767/opt/zephyr-sdk/arm-zephyr-eabi/bin/../lib/gcc/arm-zephyr-eabi/12.2.0/thumb/v8-m.main/nofp\libgcc.a(_udivmoddi4.o)
                0x00000000000004c0                __udivmoddi4
 *(SORT_BY_ALIGNMENT(.text.*))
 .text.timer_handler.part.0
                0x000000000000075c       0x38 app/libapp.a(main.c.obj)
 .text.main     0x0000000000000794      0x118 app/libapp.a(main.c.obj)
                0x0000000000000794                main
 .text.sys_heap_init
                0x00000000000008ac      0x11c zephyr/libzephyr.a(heap.c.obj)
                0x00000000000008ac                sys_heap_init
 .text.cbvprintf_package
                0x00000000000009c8      0x42c zephyr/libzephyr.a(cbprintf_packaged.c.obj)
                0x00000000000009c8                cbvprintf_package
 .text.cbprintf_package_convert
                0x0000000000000df4      0x46c zephyr/libzephyr.a(cbprintf_packaged.c.obj)
                0x0000000000000df4                cbprintf_package_convert
 .text.__printk_hook_install
                0x0000000000001260        0xc zephyr/libzephyr.a(printk.c.obj)
                0x0000000000001260                __printk_hook_install
 .text.z_thread_entry
                0x000000000000126c       0x34 zephyr/libzephyr.a(thread_entry.c.obj)
                0x000000000000126c                z_thread_entry
 .text.mpsc_pbuf_init
                0x00000000000012a0       0x64 zephyr/libzephyr.a(mpsc_pbuf.c.obj)
                0x00000000000012a0                mpsc_pbuf_init
 .text.mpsc_pbuf_alloc
                0x0000000000001304      0x184 zephyr/libzephyr.a(mpsc_pbuf.c.obj)
                0x0000000000001304                mpsc_pbuf_alloc
 .text.mpsc_pbuf_commit
                0x0000000000001488       0xb0 zephyr/libzephyr.a(mpsc_pbuf.c.obj)
                0x0000000000001488                mpsc_pbuf_commit
 .text.mpsc_pbuf_claim
                0x0000000000001538      0x110 zephyr/libzephyr.a(mpsc_pbuf.c.obj)
                0x0000000000001538                mpsc_pbuf_claim
 .text.mpsc_pbuf_free
                0x0000000000001648       0xe4 zephyr/libzephyr.a(mpsc_pbuf.c.obj)
                0x0000000000001648                mpsc_pbuf_free
 .text.mpsc_pbuf_is_pending
                0x000000000000172c       0xa4 zephyr/libzephyr.a(mpsc_pbuf.c.obj)
                0x000000000000172c                mpsc_pbuf_is_pending
 .text.process_event
                0x00000000000017d0      0x3ac zephyr/libzephyr.a(onoff.c.obj)
 .text.transition_complete
                0x0000000000001b7c       0x64 zephyr/libzephyr.a(onoff.c.obj)
 .text.onoff_request
                0x0000000000001be0      0x130 zephyr/libzephyr.a(onoff.c.obj)
                0x0000000000001be0                onoff_request
 .text.sys_notify_finalize
                0x0000000000001d10       0x40 zephyr/libzephyr.a(notify.c.obj)
                0x0000000000001d10                sys_notify_finalize
 .text.z_log_init.isra.0
                0x0000000000001d50      0x124 zephyr/libzephyr.a(log_core.c.obj)
 .text.log_format_func_t_get
                0x0000000000001e74        0xc zephyr/libzephyr.a(log_core.c.obj)
                0x0000000000001e74                log_format_func_t_get
 .text.log_set_timestamp_func
                0x0000000000001e80       0x20 zephyr/libzephyr.a(log_core.c.obj)
                0x0000000000001e80                log_set_timestamp_func
 .text.z_log_notify_backend_enabled
                0x0000000000001ea0        0xc zephyr/libzephyr.a(log_core.c.obj)
                0x0000000000001ea0                z_log_notify_backend_enabled
 .text.z_log_dropped
                0x0000000000001eac       0x28 zephyr/libzephyr.a(log_core.c.obj)
                0x0000000000001eac                z_log_dropped
 .text.z_log_dropped_read_and_clear
                0x0000000000001ed4       0x18 zephyr/libzephyr.a(log_core.c.obj)
                0x0000000000001ed4                z_log_dropped_read_and_clear
 .text.dropped_notify
                0x0000000000001eec       0x60 zephyr/libzephyr.a(log_core.c.obj)
                0x0000000000001eec                dropped_notify
 .text.z_log_msg_init
                0x0000000000001f4c       0x20 zephyr/libzephyr.a(log_core.c.obj)
                0x0000000000001f4c                z_log_msg_init
 .text.log_core_init
                0x0000000000001f6c       0x34 zephyr/libzephyr.a(log_core.c.obj)
                0x0000000000001f6c                log_core_init
 .text.z_log_msg_alloc
                0x0000000000001fa0       0x10 zephyr/libzephyr.a(log_core.c.obj)
                0x0000000000001fa0                z_log_msg_alloc
 .text.z_log_msg_local_claim
                0x0000000000001fb0        0xc zephyr/libzephyr.a(log_core.c.obj)
                0x0000000000001fb0                z_log_msg_local_claim
 .text.z_log_msg_free
                0x0000000000001fbc       0x10 zephyr/libzephyr.a(log_core.c.obj)
                0x0000000000001fbc                z_log_msg_free
 .text.z_log_msg_pending
                0x0000000000001fcc        0xc zephyr/libzephyr.a(log_core.c.obj)
                0x0000000000001fcc                z_log_msg_pending
 .text.z_impl_log_process
                0x0000000000001fd8       0xe4 zephyr/libzephyr.a(log_core.c.obj)
                0x0000000000001fd8                z_impl_log_process
 .text.z_log_msg_post_finalize
                0x00000000000020bc       0xdc zephyr/libzephyr.a(log_core.c.obj)
 .text.z_log_msg_commit
                0x0000000000002198       0x24 zephyr/libzephyr.a(log_core.c.obj)
                0x0000000000002198                z_log_msg_commit
 .text.z_impl_log_panic
                0x00000000000021bc       0x74 zephyr/libzephyr.a(log_core.c.obj)
                0x00000000000021bc                z_impl_log_panic
 .text.log_source_name_get
                0x0000000000002230       0x1c zephyr/libzephyr.a(log_mgmt.c.obj)
                0x0000000000002230                log_source_name_get
 .text.log_backend_enable
                0x000000000000224c       0x4c zephyr/libzephyr.a(log_mgmt.c.obj)
                0x000000000000224c                log_backend_enable
 .text.z_impl_z_log_msg_static_create
                0x0000000000002298      0x12c zephyr/libzephyr.a(log_msg.c.obj)
                0x0000000000002298                z_impl_z_log_msg_static_create
 .text.z_log_msg_runtime_vcreate
                0x00000000000023c4       0xe0 zephyr/libzephyr.a(log_msg.c.obj)
                0x00000000000023c4                z_log_msg_runtime_vcreate
 .text.log_msg_get_source_id
                0x00000000000024a4       0x18 zephyr/libzephyr.a(log_msg.c.obj)
                0x00000000000024a4                log_msg_get_source_id
 .text.print_formatted
                0x00000000000024bc       0x24 zephyr/libzephyr.a(log_output.c.obj)
 .text.newline_print
                0x00000000000024e0       0x1c zephyr/libzephyr.a(log_output.c.obj)
 .text.out_func
                0x00000000000024fc       0x58 zephyr/libzephyr.a(log_output.c.obj)
 .text.log_output_process
                0x0000000000002554      0x31c zephyr/libzephyr.a(log_output.c.obj)
                0x0000000000002554                log_output_process
 .text.log_output_dropped_process
                0x0000000000002870       0x58 zephyr/libzephyr.a(log_output.c.obj)
                0x0000000000002870                log_output_dropped_process
 .text.log_output_timestamp_freq_set
                0x00000000000028c8       0x2c zephyr/libzephyr.a(log_output.c.obj)
                0x00000000000028c8                log_output_timestamp_freq_set
 .text.char_out
                0x00000000000028f4       0x24 zephyr/libzephyr.a(log_backend_uart.c.obj)
 .text.log_backend_uart_init
                0x0000000000002918       0x3c zephyr/libzephyr.a(log_backend_uart.c.obj)
 .text.mem_attr_get_regions
                0x0000000000002954        0xc zephyr/libzephyr.a(mem_attr.c.obj)
                0x0000000000002954                mem_attr_get_regions
 .text.boot_banner
                0x0000000000002960       0x1c zephyr/libzephyr.a(banner.c.obj)
                0x0000000000002960                boot_banner
 .text.z_arm_fatal_error
                0x000000000000297c       0xb8 zephyr/arch/arch/arm/core/libarch__arm__core.a(fatal.c.obj)
                0x000000000000297c                z_arm_fatal_error
 .text.z_SysNmiOnReset
                0x0000000000002a34        0x8 zephyr/arch/arch/arm/core/libarch__arm__core.a(nmi_on_reset.S.obj)
                0x0000000000002a34                z_SysNmiOnReset
 .text.arch_tls_stack_setup
                0x0000000000002a3c       0x40 zephyr/arch/arch/arm/core/libarch__arm__core.a(tls.c.obj)
                0x0000000000002a3c                arch_tls_stack_setup
 .text._HandlerModeExit
                0x0000000000002a7c       0x28 zephyr/arch/arch/arm/core/cortex_m/libarch__arm__core__cortex_m.a(exc_exit.c.obj)
                0x0000000000002a7c                z_arm_int_exit
                0x0000000000002a7c                z_arm_exc_exit
 .text.mem_manage_fault.constprop.0
                0x0000000000002aa4      0x108 zephyr/arch/arch/arm/core/cortex_m/libarch__arm__core__cortex_m.a(fault.c.obj)
 .text.usage_fault.constprop.0
                0x0000000000002bac       0xbc zephyr/arch/arch/arm/core/cortex_m/libarch__arm__core__cortex_m.a(fault.c.obj)
 .text.bus_fault.constprop.0
                0x0000000000002c68       0xd0 zephyr/arch/arch/arm/core/cortex_m/libarch__arm__core__cortex_m.a(fault.c.obj)
 .text.z_arm_fault
                0x0000000000002d38      0x238 zephyr/arch/arch/arm/core/cortex_m/libarch__arm__core__cortex_m.a(fault.c.obj)
                0x0000000000002d38                z_arm_fault
 .text.z_arm_fault_init
                0x0000000000002f70       0x20 zephyr/arch/arch/arm/core/cortex_m/libarch__arm__core__cortex_m.a(fault.c.obj)
                0x0000000000002f70                z_arm_fault_init
 .text.__fault  0x0000000000002f90       0x14 zephyr/arch/arch/arm/core/cortex_m/libarch__arm__core__cortex_m.a(fault_s.S.obj)
                0x0000000000002f90                z_arm_usage_fault
                0x0000000000002f90                z_arm_mpu_fault
                0x0000000000002f90                z_arm_exc_spurious
                0x0000000000002f90                z_arm_debug_monitor
                0x0000000000002f90                z_arm_hard_fault
                0x0000000000002f90                z_arm_bus_fault
 .text._reset_section
                0x0000000000002fa4       0x60 zephyr/arch/arch/arm/core/cortex_m/libarch__arm__core__cortex_m.a(reset.S.obj)
                0x0000000000002fa4                __start
                0x0000000000002fa4                z_arm_reset
 .text.z_arm_clear_arm_mpu_config
                0x0000000000003004       0x24 zephyr/arch/arch/arm/core/cortex_m/libarch__arm__core__cortex_m.a(scb.c.obj)
                0x0000000000003004                z_arm_clear_arm_mpu_config
 .text.z_arm_init_arch_hw_at_boot
                0x0000000000003028       0x4c zephyr/arch/arch/arm/core/cortex_m/libarch__arm__core__cortex_m.a(scb.c.obj)
                0x0000000000003028                z_arm_init_arch_hw_at_boot
 .text.z_impl_k_thread_abort
                0x0000000000003074       0x2c zephyr/arch/arch/arm/core/cortex_m/libarch__arm__core__cortex_m.a(thread_abort.c.obj)
                0x0000000000003074                z_impl_k_thread_abort
 .text.arch_swap
                0x00000000000030a0       0x30 zephyr/arch/arch/arm/core/cortex_m/libarch__arm__core__cortex_m.a(swap.c.obj)
                0x00000000000030a0                arch_swap
 .text.z_arm_pendsv_c
                0x00000000000030d0       0x40 zephyr/arch/arch/arm/core/cortex_m/libarch__arm__core__cortex_m.a(swap.c.obj)
                0x00000000000030d0                z_arm_pendsv_c
 .text.z_arm_pendsv
                0x0000000000003110       0x40 zephyr/arch/arch/arm/core/cortex_m/libarch__arm__core__cortex_m.a(swap_helper.S.obj)
                0x0000000000003110                z_arm_pendsv
 .text.z_arm_svc
                0x0000000000003150       0x20 zephyr/arch/arch/arm/core/cortex_m/libarch__arm__core__cortex_m.a(swap_helper.S.obj)
                0x0000000000003150                z_arm_svc
 .text.arch_irq_enable
                0x0000000000003170       0x1c zephyr/arch/arch/arm/core/cortex_m/libarch__arm__core__cortex_m.a(irq_manage.c.obj)
                0x0000000000003170                arch_irq_enable
 .text.arch_irq_is_enabled
                0x000000000000318c       0x1c zephyr/arch/arch/arm/core/cortex_m/libarch__arm__core__cortex_m.a(irq_manage.c.obj)
                0x000000000000318c                arch_irq_is_enabled
 .text.z_arm_irq_priority_set
                0x00000000000031a8       0x64 zephyr/arch/arch/arm/core/cortex_m/libarch__arm__core__cortex_m.a(irq_manage.c.obj)
                0x00000000000031a8                z_arm_irq_priority_set
 .text.z_prep_c
                0x000000000000320c       0x38 zephyr/arch/arch/arm/core/cortex_m/libarch__arm__core__cortex_m.a(prep_c.c.obj)
                0x000000000000320c                z_prep_c
 .text.arch_new_thread
                0x0000000000003244       0x38 zephyr/arch/arch/arm/core/cortex_m/libarch__arm__core__cortex_m.a(thread.c.obj)
                0x0000000000003244                arch_new_thread
 .text.arch_switch_to_main_thread
                0x000000000000327c       0x48 zephyr/arch/arch/arm/core/cortex_m/libarch__arm__core__cortex_m.a(thread.c.obj)
                0x000000000000327c                arch_switch_to_main_thread
 .text.z_arm_cpu_idle_init
                0x00000000000032c4        0xc zephyr/arch/arch/arm/core/cortex_m/libarch__arm__core__cortex_m.a(cpu_idle.c.obj)
                0x00000000000032c4                z_arm_cpu_idle_init
 .text.z_arm_interrupt_init
                0x00000000000032d0       0x20 zephyr/arch/arch/arm/core/cortex_m/libarch__arm__core__cortex_m.a(irq_init.c.obj)
                0x00000000000032d0                z_arm_interrupt_init
 .text._isr_wrapper
                0x00000000000032f0       0x24 zephyr/arch/arch/arm/core/cortex_m/libarch__arm__core__cortex_m.a(isr_wrapper.c.obj)
                0x00000000000032f0                _isr_wrapper
 .text.z_arm_configure_static_mpu_regions
                0x0000000000003314       0x38 zephyr/arch/arch/arm/core/mpu/libarch__arm__core__mpu.a(arm_core_mpu.c.obj)
                0x0000000000003314                z_arm_configure_static_mpu_regions
 .text.region_init
                0x000000000000334c       0x34 zephyr/arch/arch/arm/core/mpu/libarch__arm__core__mpu.a(arm_mpu.c.obj)
 .text.region_allocate_and_init
                0x0000000000003380       0x38 zephyr/arch/arch/arm/core/mpu/libarch__arm__core__mpu.a(arm_mpu.c.obj)
 .text.mpu_configure_regions_and_partition.constprop.0
                0x00000000000033b8      0x164 zephyr/arch/arch/arm/core/mpu/libarch__arm__core__mpu.a(arm_mpu.c.obj)
 .text.arm_core_mpu_enable
                0x000000000000351c       0x18 zephyr/arch/arch/arm/core/mpu/libarch__arm__core__mpu.a(arm_mpu.c.obj)
                0x000000000000351c                arm_core_mpu_enable
 .text.arm_core_mpu_disable
                0x0000000000003534       0x14 zephyr/arch/arch/arm/core/mpu/libarch__arm__core__mpu.a(arm_mpu.c.obj)
                0x0000000000003534                arm_core_mpu_disable
 .text.arm_core_mpu_configure_static_mpu_regions
                0x0000000000003548       0x48 zephyr/arch/arch/arm/core/mpu/libarch__arm__core__mpu.a(arm_mpu.c.obj)
                0x0000000000003548                arm_core_mpu_configure_static_mpu_regions
 .text.arm_core_mpu_mark_areas_for_dynamic_regions
                0x0000000000003590       0xe8 zephyr/arch/arch/arm/core/mpu/libarch__arm__core__mpu.a(arm_mpu.c.obj)
                0x0000000000003590                arm_core_mpu_mark_areas_for_dynamic_regions
 .text.z_arm_mpu_init
                0x0000000000003678      0x194 zephyr/arch/arch/arm/core/mpu/libarch__arm__core__mpu.a(arm_mpu.c.obj)
                0x0000000000003678                z_arm_mpu_init
 .text.z_impl_zephyr_fputc
                0x000000000000380c       0x10 zephyr/lib/libc/picolibc/liblib__libc__picolibc.a(libc-hooks.c.obj)
                0x000000000000380c                z_impl_zephyr_fputc
 .text.__stdout_hook_install
                0x000000000000381c       0x18 zephyr/lib/libc/picolibc/liblib__libc__picolibc.a(libc-hooks.c.obj)
                0x000000000000381c                __stdout_hook_install
 .text.cbvprintf
                0x0000000000003834       0x38 zephyr/lib/libc/picolibc/liblib__libc__picolibc.a(libc-hooks.c.obj)
                0x0000000000003834                cbvprintf
 .text.malloc_prepare
                0x000000000000386c       0x24 zephyr/lib/libc/common/liblib__libc__common.a(malloc.c.obj)
 .text.nordicsemi_nrf54l_init
                0x0000000000003890       0xa0 zephyr/soc/soc/nrf54l15/libsoc__nordic.a(soc.c.obj)
                0x0000000000003890                nordicsemi_nrf54l_init
 .text.arch_busy_wait
                0x0000000000003930       0x24 zephyr/soc/soc/nrf54l15/libsoc__nordic.a(soc.c.obj)
                0x0000000000003930                arch_busy_wait
 .text.cache_instr_enable
                0x0000000000003954       0x10 zephyr/drivers/cache/libdrivers__cache.a(cache_nrf.c.obj)
                0x0000000000003954                cache_instr_enable
 .text.onoff_start
                0x0000000000003964       0x3c zephyr/drivers/clock_control/libdrivers__clock_control.a(clock_control_nrf.c.obj)
 .text.generic_hfclk_stop
                0x00000000000039a0       0x3c zephyr/drivers/clock_control/libdrivers__clock_control.a(clock_control_nrf.c.obj)
 .text.get_status
                0x00000000000039dc       0x38 zephyr/drivers/clock_control/libdrivers__clock_control.a(clock_control_nrf.c.obj)
 .text.stop     0x0000000000003a14       0x78 zephyr/drivers/clock_control/libdrivers__clock_control.a(clock_control_nrf.c.obj)
 .text.onoff_stop
                0x0000000000003a8c       0x28 zephyr/drivers/clock_control/libdrivers__clock_control.a(clock_control_nrf.c.obj)
 .text.clk_init
                0x0000000000003ab4       0x5c zephyr/drivers/clock_control/libdrivers__clock_control.a(clock_control_nrf.c.obj)
 .text.api_blocking_start
                0x0000000000003b10       0x34 zephyr/drivers/clock_control/libdrivers__clock_control.a(clock_control_nrf.c.obj)
 .text.clkstarted_handle.constprop.0
                0x0000000000003b44       0x4c zephyr/drivers/clock_control/libdrivers__clock_control.a(clock_control_nrf.c.obj)
 .text.clock_event_handler
                0x0000000000003b90       0x64 zephyr/drivers/clock_control/libdrivers__clock_control.a(clock_control_nrf.c.obj)
 .text.generic_hfclk_start
                0x0000000000003bf4       0x7c zephyr/drivers/clock_control/libdrivers__clock_control.a(clock_control_nrf.c.obj)
 .text.z_nrf_clock_control_lf_on
                0x0000000000003c70      0x134 zephyr/drivers/clock_control/libdrivers__clock_control.a(clock_control_nrf.c.obj)
                0x0000000000003c70                z_nrf_clock_control_lf_on
 .text.uart_console_init
                0x0000000000003da4       0x28 zephyr/drivers/console/libdrivers__console.a(uart_console.c.obj)
 .text.console_out
                0x0000000000003dcc       0x28 zephyr/drivers/console/libdrivers__console.a(uart_console.c.obj)
 .text.gpio_nrfx_manage_callback
                0x0000000000003df4       0xa0 zephyr/drivers/gpio/libdrivers__gpio.a(gpio_nrfx.c.obj)
 .text.gpio_nrfx_init
                0x0000000000003e94       0x54 zephyr/drivers/gpio/libdrivers__gpio.a(gpio_nrfx.c.obj)
 .text.nrf_gpio_pin_port_decode
                0x0000000000003ee8       0x54 zephyr/drivers/gpio/libdrivers__gpio.a(gpio_nrfx.c.obj)
 .text.gpio_nrfx_pin_interrupt_configure
                0x0000000000003f3c       0xe4 zephyr/drivers/gpio/libdrivers__gpio.a(gpio_nrfx.c.obj)
 .text.gpio_nrfx_pin_configure
                0x0000000000004020      0x198 zephyr/drivers/gpio/libdrivers__gpio.a(gpio_nrfx.c.obj)
 .text.nrfx_gpio_handler
                0x00000000000041b8       0x84 zephyr/drivers/gpio/libdrivers__gpio.a(gpio_nrfx.c.obj)
 .text.nrf_gpio_pin_port_decode
                0x000000000000423c       0x54 zephyr/drivers/pinctrl/libdrivers__pinctrl.a(pinctrl_nrf.c.obj)
 .text.pinctrl_configure_pins
                0x0000000000004290      0x150 zephyr/drivers/pinctrl/libdrivers__pinctrl.a(pinctrl_nrf.c.obj)
                0x0000000000004290                pinctrl_configure_pins
 .text.uarte_nrfx_poll_out
                0x00000000000043e0       0xb4 zephyr/drivers/serial/libdrivers__serial.a(uart_nrfx_uarte.c.obj)
 .text.sys_clock_timeout_handler
                0x0000000000004494       0x48 zephyr/drivers/timer/libdrivers__timer.a(nrf_grtc_timer.c.obj)
 .text.sys_clock_driver_init
                0x00000000000044dc       0x6c zephyr/drivers/timer/libdrivers__timer.a(nrf_grtc_timer.c.obj)
 .text.sys_clock_cycle_get_32
                0x0000000000004548       0x90 zephyr/drivers/timer/libdrivers__timer.a(nrf_grtc_timer.c.obj)
                0x0000000000004548                sys_clock_cycle_get_32
 .text.sys_clock_elapsed
                0x00000000000045d8       0x2c zephyr/drivers/timer/libdrivers__timer.a(nrf_grtc_timer.c.obj)
                0x00000000000045d8                sys_clock_elapsed
 .text.sys_clock_set_timeout
                0x0000000000004604       0x5c zephyr/drivers/timer/libdrivers__timer.a(nrf_grtc_timer.c.obj)
                0x0000000000004604                sys_clock_set_timeout
 .text.nrf54l_handle_approtect_signal
                0x0000000000004660       0x34 modules/hal_nordic/nrfx/libmodules__hal_nordic__nrfx.a(system_nrf54l.c.obj)
 .text.SystemCoreClockUpdate
                0x0000000000004694       0x2c modules/hal_nordic/nrfx/libmodules__hal_nordic__nrfx.a(system_nrf54l.c.obj)
                0x0000000000004694                SystemCoreClockUpdate
 .text.SystemInit
                0x00000000000046c0       0xc4 modules/hal_nordic/nrfx/libmodules__hal_nordic__nrfx.a(system_nrf54l.c.obj)
                0x00000000000046c0                SystemInit
 .text.nrfx_flag32_alloc
                0x0000000000004784       0x40 modules/hal_nordic/nrfx/libmodules__hal_nordic__nrfx.a(nrfx_flag32_allocator.c.obj)
                0x0000000000004784                nrfx_flag32_alloc
 .text.nrfx_flag32_free
                0x00000000000047c4       0x38 modules/hal_nordic/nrfx/libmodules__hal_nordic__nrfx.a(nrfx_flag32_allocator.c.obj)
                0x00000000000047c4                nrfx_flag32_free
 .text.clock_stop
                0x00000000000047fc       0xe8 modules/hal_nordic/nrfx/libmodules__hal_nordic__nrfx.a(nrfx_clock.c.obj)
 .text.nrfx_clock_init
                0x00000000000048e4       0x20 modules/hal_nordic/nrfx/libmodules__hal_nordic__nrfx.a(nrfx_clock.c.obj)
                0x00000000000048e4                nrfx_clock_init
 .text.nrfx_clock_enable
                0x0000000000004904       0x54 modules/hal_nordic/nrfx/libmodules__hal_nordic__nrfx.a(nrfx_clock.c.obj)
                0x0000000000004904                nrfx_clock_enable
 .text.nrfx_clock_start
                0x0000000000004958       0xec modules/hal_nordic/nrfx/libmodules__hal_nordic__nrfx.a(nrfx_clock.c.obj)
                0x0000000000004958                nrfx_clock_start
 .text.nrfx_clock_stop
                0x0000000000004a44       0x38 modules/hal_nordic/nrfx/libmodules__hal_nordic__nrfx.a(nrfx_clock.c.obj)
                0x0000000000004a44                nrfx_clock_stop
 .text.nrfx_power_clock_irq_handler
                0x0000000000004a7c       0x84 modules/hal_nordic/nrfx/libmodules__hal_nordic__nrfx.a(nrfx_clock.c.obj)
                0x0000000000004a7c                nrfx_power_clock_irq_handler
 .text.nrf_gpio_pin_present_check
                0x0000000000004b00       0x28 modules/hal_nordic/nrfx/libmodules__hal_nordic__nrfx.a(nrfx_gpiote.c.obj)
 .text.get_pin_idx
                0x0000000000004b28       0x14 modules/hal_nordic/nrfx/libmodules__hal_nordic__nrfx.a(nrfx_gpiote.c.obj)
 .text.release_handler
                0x0000000000004b3c       0x9c modules/hal_nordic/nrfx/libmodules__hal_nordic__nrfx.a(nrfx_gpiote.c.obj)
 .text.nrf_gpio_pin_port_decode
                0x0000000000004bd8       0x64 modules/hal_nordic/nrfx/libmodules__hal_nordic__nrfx.a(nrfx_gpiote.c.obj)
 .text.nrf_gpiote_in_event_get
                0x0000000000004c3c       0x34 modules/hal_nordic/nrfx/libmodules__hal_nordic__nrfx.a(nrfx_gpiote.c.obj)
 .text.latch_pending_read_and_check
                0x0000000000004c70       0x58 modules/hal_nordic/nrfx/libmodules__hal_nordic__nrfx.a(nrfx_gpiote.c.obj)
 .text.pin_te_get.isra.0
                0x0000000000004cc8       0x20 modules/hal_nordic/nrfx/libmodules__hal_nordic__nrfx.a(nrfx_gpiote.c.obj)
 .text.pin_is_output.isra.0
                0x0000000000004ce8       0x24 modules/hal_nordic/nrfx/libmodules__hal_nordic__nrfx.a(nrfx_gpiote.c.obj)
 .text.pin_has_trigger.isra.0
                0x0000000000004d0c       0x28 modules/hal_nordic/nrfx/libmodules__hal_nordic__nrfx.a(nrfx_gpiote.c.obj)
 .text.pin_in_use_by_te.isra.0
                0x0000000000004d34       0x24 modules/hal_nordic/nrfx/libmodules__hal_nordic__nrfx.a(nrfx_gpiote.c.obj)
 .text.pin_in_use.isra.0
                0x0000000000004d58       0x24 modules/hal_nordic/nrfx/libmodules__hal_nordic__nrfx.a(nrfx_gpiote.c.obj)
 .text.irq_handler
                0x0000000000004d7c      0x1a8 modules/hal_nordic/nrfx/libmodules__hal_nordic__nrfx.a(nrfx_gpiote.c.obj)
 .text.pin_uninit
                0x0000000000004f24       0x94 modules/hal_nordic/nrfx/libmodules__hal_nordic__nrfx.a(nrfx_gpiote.c.obj)
 .text.nrfx_gpiote_input_configure
                0x0000000000004fb8      0x1e0 modules/hal_nordic/nrfx/libmodules__hal_nordic__nrfx.a(nrfx_gpiote.c.obj)
                0x0000000000004fb8                nrfx_gpiote_input_configure
 .text.nrfx_gpiote_output_configure
                0x0000000000005198      0x134 modules/hal_nordic/nrfx/libmodules__hal_nordic__nrfx.a(nrfx_gpiote.c.obj)
                0x0000000000005198                nrfx_gpiote_output_configure
 .text.nrfx_gpiote_global_callback_set
                0x00000000000052cc       0x1c modules/hal_nordic/nrfx/libmodules__hal_nordic__nrfx.a(nrfx_gpiote.c.obj)
                0x00000000000052cc                nrfx_gpiote_global_callback_set
 .text.nrfx_gpiote_channel_get
                0x00000000000052e8       0x60 modules/hal_nordic/nrfx/libmodules__hal_nordic__nrfx.a(nrfx_gpiote.c.obj)
                0x00000000000052e8                nrfx_gpiote_channel_get
 .text.nrfx_gpiote_init
                0x0000000000005348       0x80 modules/hal_nordic/nrfx/libmodules__hal_nordic__nrfx.a(nrfx_gpiote.c.obj)
                0x0000000000005348                nrfx_gpiote_init
 .text.nrfx_gpiote_init_check
                0x00000000000053c8       0x1c modules/hal_nordic/nrfx/libmodules__hal_nordic__nrfx.a(nrfx_gpiote.c.obj)
                0x00000000000053c8                nrfx_gpiote_init_check
 .text.nrfx_gpiote_channel_free
                0x00000000000053e4       0x18 modules/hal_nordic/nrfx/libmodules__hal_nordic__nrfx.a(nrfx_gpiote.c.obj)
                0x00000000000053e4                nrfx_gpiote_channel_free
 .text.nrfx_gpiote_channel_alloc
                0x00000000000053fc       0x18 modules/hal_nordic/nrfx/libmodules__hal_nordic__nrfx.a(nrfx_gpiote.c.obj)
                0x00000000000053fc                nrfx_gpiote_channel_alloc
 .text.nrfx_gpiote_trigger_enable
                0x0000000000005414       0xfc modules/hal_nordic/nrfx/libmodules__hal_nordic__nrfx.a(nrfx_gpiote.c.obj)
                0x0000000000005414                nrfx_gpiote_trigger_enable
 .text.nrfx_gpiote_20_irq_handler
                0x0000000000005510       0x10 modules/hal_nordic/nrfx/libmodules__hal_nordic__nrfx.a(nrfx_gpiote.c.obj)
                0x0000000000005510                nrfx_gpiote_20_irq_handler
 .text.nrfx_gpiote_30_irq_handler
                0x0000000000005520       0x10 modules/hal_nordic/nrfx/libmodules__hal_nordic__nrfx.a(nrfx_gpiote.c.obj)
                0x0000000000005520                nrfx_gpiote_30_irq_handler
 .text.sleep_configure
                0x0000000000005530       0x6c modules/hal_nordic/nrfx/libmodules__hal_nordic__nrfx.a(nrfx_grtc.c.obj)
 .text.nrf_grtc_sys_counter_compare_event_disable.constprop.0
                0x000000000000559c       0x3c modules/hal_nordic/nrfx/libmodules__hal_nordic__nrfx.a(nrfx_grtc.c.obj)
 .text.cc_channel_prepare
                0x00000000000055d8       0x74 modules/hal_nordic/nrfx/libmodules__hal_nordic__nrfx.a(nrfx_grtc.c.obj)
 .text.nrf_grtc_sys_counter_cc_get.constprop.0
                0x000000000000564c       0x40 modules/hal_nordic/nrfx/libmodules__hal_nordic__nrfx.a(nrfx_grtc.c.obj)
 .text.syscounter_check
                0x000000000000568c       0x38 modules/hal_nordic/nrfx/libmodules__hal_nordic__nrfx.a(nrfx_grtc.c.obj)
 .text.nrfx_grtc_syscounter_get
                0x00000000000056c4       0xb0 modules/hal_nordic/nrfx/libmodules__hal_nordic__nrfx.a(nrfx_grtc.c.obj)
                0x00000000000056c4                nrfx_grtc_syscounter_get
 .text.nrfx_grtc_init
                0x0000000000005774      0x178 modules/hal_nordic/nrfx/libmodules__hal_nordic__nrfx.a(nrfx_grtc.c.obj)
                0x0000000000005774                nrfx_grtc_init
 .text.nrfx_grtc_syscounter_start
                0x00000000000058ec      0x128 modules/hal_nordic/nrfx/libmodules__hal_nordic__nrfx.a(nrfx_grtc.c.obj)
                0x00000000000058ec                nrfx_grtc_syscounter_start
 .text.nrfx_grtc_syscounter_cc_absolute_set
                0x0000000000005a14      0x108 modules/hal_nordic/nrfx/libmodules__hal_nordic__nrfx.a(nrfx_grtc.c.obj)
                0x0000000000005a14                nrfx_grtc_syscounter_cc_absolute_set
 .text.nrfx_grtc_irq_handler
                0x0000000000005b1c       0xa0 modules/hal_nordic/nrfx/libmodules__hal_nordic__nrfx.a(nrfx_grtc.c.obj)
                0x0000000000005b1c                nrfx_grtc_irq_handler
 .text.timer_configure
                0x0000000000005bbc       0xac modules/hal_nordic/nrfx/libmodules__hal_nordic__nrfx.a(nrfx_timer.c.obj)
 .text.nrfx_timer_init
                0x0000000000005c68       0xb8 modules/hal_nordic/nrfx/libmodules__hal_nordic__nrfx.a(nrfx_timer.c.obj)
                0x0000000000005c68                nrfx_timer_init
 .text.nrfx_timer_enable
                0x0000000000005d20       0x48 modules/hal_nordic/nrfx/libmodules__hal_nordic__nrfx.a(nrfx_timer.c.obj)
                0x0000000000005d20                nrfx_timer_enable
 .text.nrfx_timer_is_enabled
                0x0000000000005d68       0x3c modules/hal_nordic/nrfx/libmodules__hal_nordic__nrfx.a(nrfx_timer.c.obj)
                0x0000000000005d68                nrfx_timer_is_enabled
 .text.nrfx_timer_clear
                0x0000000000005da4       0x40 modules/hal_nordic/nrfx/libmodules__hal_nordic__nrfx.a(nrfx_timer.c.obj)
                0x0000000000005da4                nrfx_timer_clear
 .text.nrfx_timer_ms_to_ticks
                0x0000000000005de4       0x44 modules/hal_nordic/nrfx/libmodules__hal_nordic__nrfx.a(nrfx_timer.c.obj)
                0x0000000000005de4                nrfx_timer_ms_to_ticks
 .text.nrfx_timer_compare
                0x0000000000005e28       0x68 modules/hal_nordic/nrfx/libmodules__hal_nordic__nrfx.a(nrfx_timer.c.obj)
                0x0000000000005e28                nrfx_timer_compare
 .text.nrfx_timer_extended_compare
                0x0000000000005e90       0x6c modules/hal_nordic/nrfx/libmodules__hal_nordic__nrfx.a(nrfx_timer.c.obj)
                0x0000000000005e90                nrfx_timer_extended_compare
 .text.nrfx_timer_20_irq_handler
                0x0000000000005efc       0x74 modules/hal_nordic/nrfx/libmodules__hal_nordic__nrfx.a(nrfx_timer.c.obj)
                0x0000000000005efc                nrfx_timer_20_irq_handler
 .text.z_device_state_init
                0x0000000000005f70       0x44 zephyr/kernel/libkernel.a(device.c.obj)
                0x0000000000005f70                z_device_state_init
 .text.k_sys_fatal_error_handler
                0x0000000000005fb4       0x20 zephyr/kernel/libkernel.a(fatal.c.obj)
                0x0000000000005fb4                k_sys_fatal_error_handler
 .text.z_fatal_error
                0x0000000000005fd4      0x118 zephyr/kernel/libkernel.a(fatal.c.obj)
                0x0000000000005fd4                z_fatal_error
 .text.z_sys_init_run_level
                0x00000000000060ec       0x2c zephyr/kernel/libkernel.a(init.c.obj)
 .text.bg_thread_main
                0x0000000000006118      0x10c zephyr/kernel/libkernel.a(init.c.obj)
 .text.z_bss_zero
                0x0000000000006224       0x18 zephyr/kernel/libkernel.a(init.c.obj)
                0x0000000000006224                z_bss_zero
 .text.z_init_cpu
                0x000000000000623c       0x68 zephyr/kernel/libkernel.a(init.c.obj)
                0x000000000000623c                z_init_cpu
 .text.z_cstart
                0x00000000000062a4       0xdc zephyr/kernel/libkernel.a(init.c.obj)
                0x00000000000062a4                z_cstart
 .text.idle     0x0000000000006380       0x48 zephyr/kernel/libkernel.a(idle.c.obj)
                0x0000000000006380                idle
 .text.z_impl_k_sem_give
                0x00000000000063c8       0xb0 zephyr/kernel/libkernel.a(sem.c.obj)
                0x00000000000063c8                z_impl_k_sem_give
 .text.z_impl_k_sem_take
                0x0000000000006478       0xf4 zephyr/kernel/libkernel.a(sem.c.obj)
                0x0000000000006478                z_impl_k_sem_take
 .text.z_setup_new_thread
                0x000000000000656c       0xc8 zephyr/kernel/libkernel.a(thread.c.obj)
                0x000000000000656c                z_setup_new_thread
 .text.update_cache
                0x0000000000006634       0x68 zephyr/kernel/libkernel.a(sched.c.obj)
 .text.unready_thread
                0x000000000000669c       0x58 zephyr/kernel/libkernel.a(sched.c.obj)
 .text.unpend_thread_no_timeout
                0x00000000000066f4       0x3c zephyr/kernel/libkernel.a(sched.c.obj)
 .text.ready_thread
                0x0000000000006730       0x94 zephyr/kernel/libkernel.a(sched.c.obj)
 .text.z_thread_halt
                0x00000000000067c4      0x180 zephyr/kernel/libkernel.a(sched.c.obj)
 .text.move_thread_to_end_of_prio_q
                0x0000000000006944       0xb0 zephyr/kernel/libkernel.a(sched.c.obj)
                0x0000000000006944                move_thread_to_end_of_prio_q
 .text.z_ready_thread
                0x00000000000069f4       0x8c zephyr/kernel/libkernel.a(sched.c.obj)
                0x00000000000069f4                z_ready_thread
 .text.z_impl_k_thread_suspend
                0x0000000000006a80       0xa0 zephyr/kernel/libkernel.a(sched.c.obj)
                0x0000000000006a80                z_impl_k_thread_suspend
 .text.z_unpend_thread_no_timeout
                0x0000000000006b20       0x90 zephyr/kernel/libkernel.a(sched.c.obj)
                0x0000000000006b20                z_unpend_thread_no_timeout
 .text.z_sched_wake_thread
                0x0000000000006bb0       0xb0 zephyr/kernel/libkernel.a(sched.c.obj)
                0x0000000000006bb0                z_sched_wake_thread
 .text.z_pend_curr
                0x0000000000006c60      0x10c zephyr/kernel/libkernel.a(sched.c.obj)
                0x0000000000006c60                z_pend_curr
 .text.z_unpend1_no_timeout
                0x0000000000006d6c       0x9c zephyr/kernel/libkernel.a(sched.c.obj)
                0x0000000000006d6c                z_unpend1_no_timeout
 .text.z_unpend_first_thread
                0x0000000000006e08       0xa4 zephyr/kernel/libkernel.a(sched.c.obj)
                0x0000000000006e08                z_unpend_first_thread
 .text.z_reschedule
                0x0000000000006eac       0x8c zephyr/kernel/libkernel.a(sched.c.obj)
                0x0000000000006eac                z_reschedule
 .text.z_sched_start
                0x0000000000006f38       0xa4 zephyr/kernel/libkernel.a(sched.c.obj)
                0x0000000000006f38                z_sched_start
 .text.z_reschedule_irqlock
                0x0000000000006fdc       0x28 zephyr/kernel/libkernel.a(sched.c.obj)
                0x0000000000006fdc                z_reschedule_irqlock
 .text.k_sched_lock
                0x0000000000007004       0xdc zephyr/kernel/libkernel.a(sched.c.obj)
                0x0000000000007004                k_sched_lock
 .text.k_sched_unlock
                0x00000000000070e0       0xf8 zephyr/kernel/libkernel.a(sched.c.obj)
                0x00000000000070e0                k_sched_unlock
 .text.z_sched_init
                0x00000000000071d8       0x10 zephyr/kernel/libkernel.a(sched.c.obj)
                0x00000000000071d8                z_sched_init
 .text.z_impl_k_yield
                0x00000000000071e8      0x144 zephyr/kernel/libkernel.a(sched.c.obj)
                0x00000000000071e8                z_impl_k_yield
 .text.z_tick_sleep
                0x000000000000732c      0x144 zephyr/kernel/libkernel.a(sched.c.obj)
 .text.z_impl_k_sleep
                0x0000000000007470       0x74 zephyr/kernel/libkernel.a(sched.c.obj)
                0x0000000000007470                z_impl_k_sleep
 .text.z_impl_k_sched_current_thread_query
                0x00000000000074e4        0xc zephyr/kernel/libkernel.a(sched.c.obj)
                0x00000000000074e4                z_impl_k_sched_current_thread_query
 .text.z_thread_abort
                0x00000000000074f0       0xdc zephyr/kernel/libkernel.a(sched.c.obj)
                0x00000000000074f0                z_thread_abort
 .text.slice_timeout
                0x00000000000075cc       0x5c zephyr/kernel/libkernel.a(timeslicing.c.obj)
 .text.thread_is_sliceable
                0x0000000000007628       0x3c zephyr/kernel/libkernel.a(timeslicing.c.obj)
                0x0000000000007628                thread_is_sliceable
 .text.z_reset_time_slice
                0x0000000000007664       0x50 zephyr/kernel/libkernel.a(timeslicing.c.obj)
                0x0000000000007664                z_reset_time_slice
 .text.z_time_slice
                0x00000000000076b4       0xc8 zephyr/kernel/libkernel.a(timeslicing.c.obj)
                0x00000000000076b4                z_time_slice
 .text.z_spin_lock_valid
                0x000000000000777c       0x1c zephyr/kernel/libkernel.a(spinlock_validate.c.obj)
                0x000000000000777c                z_spin_lock_valid
 .text.z_spin_unlock_valid
                0x0000000000007798       0x2c zephyr/kernel/libkernel.a(spinlock_validate.c.obj)
                0x0000000000007798                z_spin_unlock_valid
 .text.z_spin_lock_set_owner
                0x00000000000077c4       0x10 zephyr/kernel/libkernel.a(spinlock_validate.c.obj)
                0x00000000000077c4                z_spin_lock_set_owner
 .text.z_data_copy
                0x00000000000077d4       0x34 zephyr/kernel/libkernel.a(xip.c.obj)
                0x00000000000077d4                z_data_copy
 .text.elapsed  0x0000000000007808       0x14 zephyr/kernel/libkernel.a(timeout.c.obj)
 .text.remove_timeout
                0x000000000000781c       0x38 zephyr/kernel/libkernel.a(timeout.c.obj)
 .text.next_timeout
                0x0000000000007854       0x40 zephyr/kernel/libkernel.a(timeout.c.obj)
 .text.z_add_timeout
                0x0000000000007894      0x18c zephyr/kernel/libkernel.a(timeout.c.obj)
                0x0000000000007894                z_add_timeout
 .text.z_abort_timeout
                0x0000000000007a20       0x9c zephyr/kernel/libkernel.a(timeout.c.obj)
                0x0000000000007a20                z_abort_timeout
 .text.sys_clock_announce
                0x0000000000007abc      0x15c zephyr/kernel/libkernel.a(timeout.c.obj)
                0x0000000000007abc                sys_clock_announce
 .text.sys_clock_tick_get
                0x0000000000007c18       0x9c zephyr/kernel/libkernel.a(timeout.c.obj)
                0x0000000000007c18                sys_clock_tick_get
 .text.z_timer_expiration_handler
                0x0000000000007cb4      0x170 zephyr/kernel/libkernel.a(timer.c.obj)
                0x0000000000007cb4                z_timer_expiration_handler
 .text.z_impl_k_timer_start
                0x0000000000007e24       0xe0 zephyr/kernel/libkernel.a(timer.c.obj)
                0x0000000000007e24                z_impl_k_timer_start
 .text.snprintf
                0x0000000000007f04       0x58 c:\ncs\toolchains\b620d30767\opt\zephyr-sdk\arm-zephyr-eabi\bin\../lib/gcc/../../picolibc/arm-zephyr-eabi/lib/thumb/v8-m.main/nofp\libc.a(libc_tinystdio_snprintf.c.o)
                0x0000000000007f04                snprintf
 .text.__l_vfprintf
                0x0000000000007f5c      0x4b4 c:\ncs\toolchains\b620d30767\opt\zephyr-sdk\arm-zephyr-eabi\bin\../lib/gcc/../../picolibc/arm-zephyr-eabi/lib/thumb/v8-m.main/nofp\libc.a(libc_tinystdio_vflprintf.c.o)
                0x0000000000007f5c                __l_vfprintf
 .text._OffsetAbsSyms
                0x0000000000008410        0x2 zephyr/CMakeFiles/offsets.dir/./arch/arm/core/offsets/offsets.c.obj
                0x0000000000008410                _OffsetAbsSyms
 .text.timer_handler
                0x0000000000008412        0xe app/libapp.a(main.c.obj)
 .text.chunk_size
                0x0000000000008420        0xa zephyr/libzephyr.a(heap.c.obj)
 .text.free_list_add
                0x000000000000842a       0x4e zephyr/libzephyr.a(heap.c.obj)
 .text.cbpprintf_external
                0x0000000000008478       0x62 zephyr/libzephyr.a(cbprintf_packaged.c.obj)
                0x0000000000008478                cbpprintf_external
 .text.is_ptr   0x00000000000084da       0x4a zephyr/libzephyr.a(cbprintf_packaged.c.obj)
                0x00000000000084da                is_ptr
 .text.arch_printk_char_out
                0x0000000000008524        0x4 zephyr/libzephyr.a(printk.c.obj)
                0x0000000000008524                arch_printk_char_out
 .text.vprintk  0x0000000000008528        0x4 zephyr/libzephyr.a(printk.c.obj)
                0x0000000000008528                vprintk
 .text.printk   0x000000000000852c       0x1a zephyr/libzephyr.a(printk.c.obj)
                0x000000000000852c                printk
 .text.assert_post_action
                0x0000000000008546       0x12 zephyr/libzephyr.a(assert.c.obj)
                0x0000000000008546                assert_post_action
 .text.assert_print
                0x0000000000008558       0x1a zephyr/libzephyr.a(assert.c.obj)
                0x0000000000008558                assert_print
 .text.free_space
                0x0000000000008572       0x26 zephyr/libzephyr.a(mpsc_pbuf.c.obj)
 .text.get_usage
                0x0000000000008598       0x22 zephyr/libzephyr.a(mpsc_pbuf.c.obj)
 .text.idx_inc  0x00000000000085ba       0x1c zephyr/libzephyr.a(mpsc_pbuf.c.obj)
 .text.rd_idx_inc
                0x00000000000085d6       0x18 zephyr/libzephyr.a(mpsc_pbuf.c.obj)
 .text.add_skip_item
                0x00000000000085ee       0x3e zephyr/libzephyr.a(mpsc_pbuf.c.obj)
 .text.drop_item_locked
                0x000000000000862c       0xee zephyr/libzephyr.a(mpsc_pbuf.c.obj)
 .text.post_drop_action
                0x000000000000871a       0x36 zephyr/libzephyr.a(mpsc_pbuf.c.obj)
 .text.max_utilization_update
                0x0000000000008750       0x1a zephyr/libzephyr.a(mpsc_pbuf.c.obj)
 .text.process_recheck
                0x000000000000876a       0x38 zephyr/libzephyr.a(onoff.c.obj)
 .text.validate_args
                0x00000000000087a2       0x20 zephyr/libzephyr.a(onoff.c.obj)
 .text.notify_one
                0x00000000000087c2       0x2c zephyr/libzephyr.a(onoff.c.obj)
 .text.onoff_manager_init
                0x00000000000087ee       0x26 zephyr/libzephyr.a(onoff.c.obj)
                0x00000000000087ee                onoff_manager_init
 .text.sys_notify_validate
                0x0000000000008814       0x22 zephyr/libzephyr.a(notify.c.obj)
                0x0000000000008814                sys_notify_validate
 .text._ConfigAbsSyms
                0x0000000000008836        0x2 zephyr/libzephyr.a(configs.c.obj)
                0x0000000000008836                _ConfigAbsSyms
 .text.log_msg_generic_get_wlen
                0x0000000000008838       0x20 zephyr/libzephyr.a(log_core.c.obj)
 .text.dummy_timestamp
                0x0000000000008858        0x4 zephyr/libzephyr.a(log_core.c.obj)
 .text.default_get_timestamp
                0x000000000000885c        0x4 zephyr/libzephyr.a(log_core.c.obj)
 .text.atomic_inc
                0x0000000000008860       0x12 zephyr/libzephyr.a(log_core.c.obj)
 .text.enable_logger
                0x0000000000008872        0xe zephyr/libzephyr.a(log_core.c.obj)
 .text.z_log_vprintk
                0x0000000000008880       0x1c zephyr/libzephyr.a(log_core.c.obj)
                0x0000000000008880                z_log_vprintk
 .text.log_init
                0x000000000000889c        0x8 zephyr/libzephyr.a(log_core.c.obj)
                0x000000000000889c                log_init
 .text.z_log_notify_drop
                0x00000000000088a4        0x6 zephyr/libzephyr.a(log_core.c.obj)
 .text.z_log_get_tag
                0x00000000000088aa        0x4 zephyr/libzephyr.a(log_core.c.obj)
                0x00000000000088aa                z_log_get_tag
 .text.z_cbprintf_cpy
                0x00000000000088ae       0x2c zephyr/libzephyr.a(log_msg.c.obj)
 .text.z_log_msg_finalize
                0x00000000000088da       0x32 zephyr/libzephyr.a(log_msg.c.obj)
                0x00000000000088da                z_log_msg_finalize
 .text.z_log_msg_simple_create
                0x000000000000890c       0x6e zephyr/libzephyr.a(log_msg.c.obj)
 .text.z_impl_z_log_msg_simple_create_0
                0x000000000000897a       0x12 zephyr/libzephyr.a(log_msg.c.obj)
                0x000000000000897a                z_impl_z_log_msg_simple_create_0
 .text.z_impl_z_log_msg_simple_create_1
                0x000000000000898c       0x14 zephyr/libzephyr.a(log_msg.c.obj)
                0x000000000000898c                z_impl_z_log_msg_simple_create_1
 .text.log_output_write
                0x00000000000089a0       0x1c zephyr/libzephyr.a(log_output.c.obj)
 .text.log_output_flush
                0x00000000000089bc       0x1a zephyr/libzephyr.a(log_output.c.obj)
 .text.cr_out_func
                0x00000000000089d6       0x1c zephyr/libzephyr.a(log_output.c.obj)
 .text.log_output_msg_process
                0x00000000000089f2       0x6a zephyr/libzephyr.a(log_output.c.obj)
                0x00000000000089f2                log_output_msg_process
 .text.format_set
                0x0000000000008a5c        0xc zephyr/libzephyr.a(log_backend_uart.c.obj)
 .text.panic    0x0000000000008a68       0x32 zephyr/libzephyr.a(log_backend_uart.c.obj)
 .text.dropped  0x0000000000008a9a        0xa zephyr/libzephyr.a(log_backend_uart.c.obj)
 .text.process  0x0000000000008aa4       0x1e zephyr/libzephyr.a(log_backend_uart.c.obj)
 .text.z_do_kernel_oops
                0x0000000000008ac2        0x8 zephyr/arch/arch/arm/core/libarch__arm__core.a(fatal.c.obj)
                0x0000000000008ac2                z_do_kernel_oops
 .text.z_arm_nmi
                0x0000000000008aca        0xe zephyr/arch/arch/arm/core/libarch__arm__core.a(nmi.c.obj)
                0x0000000000008aca                z_arm_nmi
 .text.z_log_msg_simple_create_0.constprop.0
                0x0000000000008ad8        0x8 zephyr/arch/arch/arm/core/cortex_m/libarch__arm__core__cortex_m.a(fault.c.obj)
 .text.z_irq_spurious
                0x0000000000008ae0        0x8 zephyr/arch/arch/arm/core/cortex_m/libarch__arm__core__cortex_m.a(irq_manage.c.obj)
                0x0000000000008ae0                z_irq_spurious
 .text.configure_builtin_stack_guard
                0x0000000000008ae8        0x8 zephyr/arch/arch/arm/core/cortex_m/libarch__arm__core__cortex_m.a(thread.c.obj)
                0x0000000000008ae8                configure_builtin_stack_guard
 .text.arch_irq_unlock_outlined
                0x0000000000008af0        0xe zephyr/arch/arch/arm/core/cortex_m/libarch__arm__core__cortex_m.a(thread.c.obj)
                0x0000000000008af0                arch_irq_unlock_outlined
 .text.arch_cpu_idle
                0x0000000000008afe       0x1a zephyr/arch/arch/arm/core/cortex_m/libarch__arm__core__cortex_m.a(cpu_idle.c.obj)
                0x0000000000008afe                arch_cpu_idle
 .text.arch_cpu_atomic_idle
                0x0000000000008b18       0x1e zephyr/arch/arch/arm/core/cortex_m/libarch__arm__core__cortex_m.a(cpu_idle.c.obj)
                0x0000000000008b18                arch_cpu_atomic_idle
 .text.arm_cmse_mpu_region_get
                0x0000000000008b36       0x12 zephyr/arch/arch/arm/core/cortex_m/cmse/libarch__arm__core__cortex_m__cmse.a(arm_core_cmse.c.obj)
                0x0000000000008b36                arm_cmse_mpu_region_get
 .text.mpu_configure_region
                0x0000000000008b48       0x32 zephyr/arch/arch/arm/core/mpu/libarch__arm__core__mpu.a(arm_mpu.c.obj)
 .text.cbputc   0x0000000000008b7a        0xc zephyr/lib/libc/picolibc/liblib__libc__picolibc.a(libc-hooks.c.obj)
 .text.picolibc_put
                0x0000000000008b86        0xa zephyr/lib/libc/picolibc/liblib__libc__picolibc.a(libc-hooks.c.obj)
 .text.async_start
                0x0000000000008b90       0x5a zephyr/drivers/clock_control/libdrivers__clock_control.a(clock_control_nrf.c.obj)
 .text.api_start
                0x0000000000008bea        0xe zephyr/drivers/clock_control/libdrivers__clock_control.a(clock_control_nrf.c.obj)
 .text.onoff_started_callback
                0x0000000000008bf8        0xc zephyr/drivers/clock_control/libdrivers__clock_control.a(clock_control_nrf.c.obj)
 .text.lfclk_start
                0x0000000000008c04        0x6 zephyr/drivers/clock_control/libdrivers__clock_control.a(clock_control_nrf.c.obj)
 .text.lfclk_stop
                0x0000000000008c0a        0x6 zephyr/drivers/clock_control/libdrivers__clock_control.a(clock_control_nrf.c.obj)
 .text.blocking_start_callback
                0x0000000000008c10        0x6 zephyr/drivers/clock_control/libdrivers__clock_control.a(clock_control_nrf.c.obj)
 .text.api_stop
                0x0000000000008c16        0x6 zephyr/drivers/clock_control/libdrivers__clock_control.a(clock_control_nrf.c.obj)
 .text.gpio_nrfx_port_get_raw
                0x0000000000008c1c        0xc zephyr/drivers/gpio/libdrivers__gpio.a(gpio_nrfx.c.obj)
 .text.gpio_nrfx_port_set_masked_raw
                0x0000000000008c28       0x14 zephyr/drivers/gpio/libdrivers__gpio.a(gpio_nrfx.c.obj)
 .text.gpio_nrfx_port_set_bits_raw
                0x0000000000008c3c        0xa zephyr/drivers/gpio/libdrivers__gpio.a(gpio_nrfx.c.obj)
 .text.gpio_nrfx_port_clear_bits_raw
                0x0000000000008c46        0xa zephyr/drivers/gpio/libdrivers__gpio.a(gpio_nrfx.c.obj)
 .text.gpio_nrfx_port_toggle_bits
                0x0000000000008c50       0x14 zephyr/drivers/gpio/libdrivers__gpio.a(gpio_nrfx.c.obj)
 .text.pinctrl_lookup_state
                0x0000000000008c64       0x26 zephyr/drivers/pinctrl/libdrivers__pinctrl.a(common.c.obj)
                0x0000000000008c64                pinctrl_lookup_state
 .text.uarte_nrfx_isr_int
                0x0000000000008c8a        0xa zephyr/drivers/serial/libdrivers__serial.a(uart_nrfx_uarte.c.obj)
 .text.uarte_nrfx_err_check
                0x0000000000008c94        0xe zephyr/drivers/serial/libdrivers__serial.a(uart_nrfx_uarte.c.obj)
 .text.uarte_nrfx_poll_in
                0x0000000000008ca2       0x26 zephyr/drivers/serial/libdrivers__serial.a(uart_nrfx_uarte.c.obj)
 .text.uarte_20_init
                0x0000000000008cc8       0xb0 zephyr/drivers/serial/libdrivers__serial.a(uart_nrfx_uarte.c.obj)
 .text.nrfx_isr
                0x0000000000008d78        0x2 modules/hal_nordic/nrfx/libmodules__hal_nordic__nrfx.a(nrfx_glue.c.obj)
                0x0000000000008d78                nrfx_isr
 .text.nrfx_busy_wait
                0x0000000000008d7a        0x4 modules/hal_nordic/nrfx/libmodules__hal_nordic__nrfx.a(nrfx_glue.c.obj)
                0x0000000000008d7a                nrfx_busy_wait
 .text.call_handler
                0x0000000000008d7e       0x3e modules/hal_nordic/nrfx/libmodules__hal_nordic__nrfx.a(nrfx_gpiote.c.obj)
 .text.nrf_gpio_reconfigure
                0x0000000000008dbc       0x9a modules/hal_nordic/nrfx/libmodules__hal_nordic__nrfx.a(nrfx_gpiote.c.obj)
 .text.nrf_gpio_cfg_sense_set
                0x0000000000008e56       0x1e modules/hal_nordic/nrfx/libmodules__hal_nordic__nrfx.a(nrfx_gpiote.c.obj)
 .text.pin_is_task_output
                0x0000000000008e74       0x18 modules/hal_nordic/nrfx/libmodules__hal_nordic__nrfx.a(nrfx_gpiote.c.obj)
 .text.__nrfy_internal_gpiote_events_process
                0x0000000000008e8c       0x58 modules/hal_nordic/nrfx/libmodules__hal_nordic__nrfx.a(nrfx_gpiote.c.obj)
 .text.pin_trigger_disable
                0x0000000000008ee4       0x4a modules/hal_nordic/nrfx/libmodules__hal_nordic__nrfx.a(nrfx_gpiote.c.obj)
 .text.nrfx_gpiote_pin_uninit
                0x0000000000008f2e        0x4 modules/hal_nordic/nrfx/libmodules__hal_nordic__nrfx.a(nrfx_gpiote.c.obj)
                0x0000000000008f2e                nrfx_gpiote_pin_uninit
 .text.nrfx_gpiote_trigger_disable
                0x0000000000008f32        0x4 modules/hal_nordic/nrfx/libmodules__hal_nordic__nrfx.a(nrfx_gpiote.c.obj)
                0x0000000000008f32                nrfx_gpiote_trigger_disable
 .text.z_impl_k_busy_wait
                0x0000000000008f36        0x8 zephyr/kernel/libkernel.a(busy_wait.c.obj)
                0x0000000000008f36                z_impl_k_busy_wait
 .text.z_impl_device_is_ready
                0x0000000000008f3e       0x16 zephyr/kernel/libkernel.a(device.c.obj)
                0x0000000000008f3e                z_impl_device_is_ready
 .text.arch_system_halt
                0x0000000000008f54       0x10 zephyr/kernel/libkernel.a(fatal.c.obj)
                0x0000000000008f54                arch_system_halt
 .text.do_device_init
                0x0000000000008f64       0x30 zephyr/kernel/libkernel.a(init.c.obj)
 .text.z_early_memset
                0x0000000000008f94        0x4 zephyr/kernel/libkernel.a(init.c.obj)
                0x0000000000008f94                z_early_memset
 .text.z_early_memcpy
                0x0000000000008f98        0x4 zephyr/kernel/libkernel.a(init.c.obj)
                0x0000000000008f98                z_early_memcpy
 .text.z_init_static
                0x0000000000008f9c        0x2 zephyr/kernel/libkernel.a(init_static.c.obj)
                0x0000000000008f9c                z_init_static
 .text.z_impl_k_sem_init
                0x0000000000008f9e       0x18 zephyr/kernel/libkernel.a(sem.c.obj)
                0x0000000000008f9e                z_impl_k_sem_init
 .text.k_is_in_isr
                0x0000000000008fb6        0xc zephyr/kernel/libkernel.a(thread.c.obj)
                0x0000000000008fb6                k_is_in_isr
 .text.k_thread_name_get
                0x0000000000008fc2        0x4 zephyr/kernel/libkernel.a(thread.c.obj)
                0x0000000000008fc2                k_thread_name_get
 .text.z_impl_k_thread_start
                0x0000000000008fc6        0x4 zephyr/kernel/libkernel.a(thread.c.obj)
                0x0000000000008fc6                z_impl_k_thread_start
 .text.sys_dlist_remove
                0x0000000000008fca       0x10 zephyr/kernel/libkernel.a(sched.c.obj)
 .text.add_to_waitq_locked
                0x0000000000008fda       0x50 zephyr/kernel/libkernel.a(sched.c.obj)
 .text.z_thread_timeout
                0x000000000000902a        0x8 zephyr/kernel/libkernel.a(sched.c.obj)
                0x000000000000902a                z_thread_timeout
 .text.sys_clock_tick_get_32
                0x0000000000009032        0x8 zephyr/kernel/libkernel.a(timeout.c.obj)
                0x0000000000009032                sys_clock_tick_get_32
 .text.z_impl_k_uptime_ticks
                0x000000000000903a        0x4 zephyr/kernel/libkernel.a(timeout.c.obj)
                0x000000000000903a                z_impl_k_uptime_ticks
 .text.z_impl_k_timer_stop
                0x000000000000903e       0x38 zephyr/kernel/libkernel.a(timer.c.obj)
                0x000000000000903e                z_impl_k_timer_stop
 .text.memcpy   0x0000000000009076       0x1a c:\ncs\toolchains\b620d30767\opt\zephyr-sdk\arm-zephyr-eabi\bin\../lib/gcc/../../picolibc/arm-zephyr-eabi/lib/thumb/v8-m.main/nofp\libc.a(memcpy.c.o)
                0x0000000000009076                __aeabi_memcpy
                0x0000000000009076                __aeabi_memcpy4
                0x0000000000009076                __aeabi_memcpy8
                0x0000000000009076                memcpy
 .text.memset   0x0000000000009090       0x10 c:\ncs\toolchains\b620d30767\opt\zephyr-sdk\arm-zephyr-eabi\bin\../lib/gcc/../../picolibc/arm-zephyr-eabi/lib/thumb/v8-m.main/nofp\libc.a(memset.c.o)
                0x0000000000009090                memset
 .text.strnlen  0x00000000000090a0       0x18 c:\ncs\toolchains\b620d30767\opt\zephyr-sdk\arm-zephyr-eabi\bin\../lib/gcc/../../picolibc/arm-zephyr-eabi/lib/thumb/v8-m.main/nofp\libc.a(libc_string_strnlen.c.o)
                0x00000000000090a0                strnlen
 .text.__ultoa_invert
                0x00000000000090b8       0xac c:\ncs\toolchains\b620d30767\opt\zephyr-sdk\arm-zephyr-eabi\bin\../lib/gcc/../../picolibc/arm-zephyr-eabi/lib/thumb/v8-m.main/nofp\libc.a(libc_tinystdio_vflprintf.c.o)
 .text.__file_str_put
                0x0000000000009164       0x10 c:\ncs\toolchains\b620d30767\opt\zephyr-sdk\arm-zephyr-eabi\bin\../lib/gcc/../../picolibc/arm-zephyr-eabi/lib/thumb/v8-m.main/nofp\libc.a(libc_tinystdio_filestrput.c.o)
                0x0000000000009164                __file_str_put
 *(SORT_BY_ALIGNMENT(.TEXT.*))
 .TEXT.__aeabi_read_tp
                0x0000000000009174        0xc zephyr/arch/arch/arm/core/cortex_m/libarch__arm__core__cortex_m.a(__aeabi_read_tp.S.obj)
                0x0000000000009174                __aeabi_read_tp
 *(SORT_BY_ALIGNMENT(.gnu.linkonce.t.*))
 *(SORT_BY_ALIGNMENT(.glue_7t))
 .glue_7t       0x0000000000009180        0x0 linker stubs
 *(SORT_BY_ALIGNMENT(.glue_7))
 .glue_7        0x0000000000009180        0x0 linker stubs
 *(SORT_BY_ALIGNMENT(.vfp11_veneer))
 .vfp11_veneer  0x0000000000009180        0x0 linker stubs
 *(SORT_BY_ALIGNMENT(.v4_bx))
 .v4_bx         0x0000000000009180        0x0 linker stubs
                0x0000000000009180                . = ALIGN (0x4)
                0x0000000000009180                __text_region_end = .

.ARM.exidx      0x0000000000009180        0x8
                0x0000000000009180                __exidx_start = .
 *(SORT_BY_ALIGNMENT(.ARM.exidx*) SORT_BY_ALIGNMENT(gnu.linkonce.armexidx.*))
 .ARM.exidx     0x0000000000009180        0x8 c:\ncs\toolchains\b620d30767\opt\zephyr-sdk\arm-zephyr-eabi\bin\../lib/gcc/../../picolibc/arm-zephyr-eabi/lib/thumb/v8-m.main/nofp\libc.a(strlen.S.o)
 .ARM.exidx     0x0000000000009188        0x0 c:/ncs/toolchains/b620d30767/opt/zephyr-sdk/arm-zephyr-eabi/bin/../lib/gcc/arm-zephyr-eabi/12.2.0/thumb/v8-m.main/nofp\libgcc.a(_udivmoddi4.o)
                                          0x8 (size before relaxing)
                0x0000000000009188                __exidx_end = .
                0x0000000000009188                __rodata_region_start = .

initlevel       0x0000000000009188       0x50
                0x0000000000009188                __init_start = .
                0x0000000000009188                __init_EARLY_start = .
 *(SORT_BY_NAME(SORT_BY_ALIGNMENT(.z_init_EARLY?_*)))
 *(SORT_BY_NAME(SORT_BY_ALIGNMENT(.z_init_EARLY??_*)))
                0x0000000000009188                __init_PRE_KERNEL_1_start = .
 *(SORT_BY_NAME(SORT_BY_ALIGNMENT(.z_init_PRE_KERNEL_1?_*)))
 .z_init_PRE_KERNEL_10_0_
                0x0000000000009188        0x8 zephyr/soc/soc/nrf54l15/libsoc__nordic.a(soc.c.obj)
 *(SORT_BY_NAME(SORT_BY_ALIGNMENT(.z_init_PRE_KERNEL_1??_*)))
 .z_init_PRE_KERNEL_130_00057_
                0x0000000000009190        0x8 zephyr/drivers/clock_control/libdrivers__clock_control.a(clock_control_nrf.c.obj)
 .z_init_PRE_KERNEL_140_00010_
                0x0000000000009198        0x8 zephyr/drivers/gpio/libdrivers__gpio.a(gpio_nrfx.c.obj)
 .z_init_PRE_KERNEL_140_00012_
                0x00000000000091a0        0x8 zephyr/drivers/gpio/libdrivers__gpio.a(gpio_nrfx.c.obj)
 .z_init_PRE_KERNEL_140_00024_
                0x00000000000091a8        0x8 zephyr/drivers/gpio/libdrivers__gpio.a(gpio_nrfx.c.obj)
 .z_init_PRE_KERNEL_150_00099_
                0x00000000000091b0        0x8 zephyr/drivers/serial/libdrivers__serial.a(uart_nrfx_uarte.c.obj)
 .z_init_PRE_KERNEL_160_0_
                0x00000000000091b8        0x8 zephyr/drivers/console/libdrivers__console.a(uart_console.c.obj)
                0x00000000000091c0                __init_PRE_KERNEL_2_start = .
 *(SORT_BY_NAME(SORT_BY_ALIGNMENT(.z_init_PRE_KERNEL_2?_*)))
 .z_init_PRE_KERNEL_20_0_
                0x00000000000091c0        0x8 zephyr/drivers/timer/libdrivers__timer.a(nrf_grtc_timer.c.obj)
 *(SORT_BY_NAME(SORT_BY_ALIGNMENT(.z_init_PRE_KERNEL_2??_*)))
                0x00000000000091c8                __init_POST_KERNEL_start = .
 *(SORT_BY_NAME(SORT_BY_ALIGNMENT(.z_init_POST_KERNEL?_*)))
 .z_init_POST_KERNEL0_0_
                0x00000000000091c8        0x8 zephyr/libzephyr.a(log_core.c.obj)
 *(SORT_BY_NAME(SORT_BY_ALIGNMENT(.z_init_POST_KERNEL??_*)))
 .z_init_POST_KERNEL35_0_
                0x00000000000091d0        0x8 zephyr/lib/libc/common/liblib__libc__common.a(malloc.c.obj)
                0x00000000000091d8                __init_APPLICATION_start = .
 *(SORT_BY_NAME(SORT_BY_ALIGNMENT(.z_init_APPLICATION?_*)))
 *(SORT_BY_NAME(SORT_BY_ALIGNMENT(.z_init_APPLICATION??_*)))
                0x00000000000091d8                __init_SMP_start = .
 *(SORT_BY_NAME(SORT_BY_ALIGNMENT(.z_init_SMP?_*)))
 *(SORT_BY_NAME(SORT_BY_ALIGNMENT(.z_init_SMP??_*)))
                0x00000000000091d8                __init_end = .
                0x00000000000091d8                __deferred_init_list_start = .
 *(SORT_BY_ALIGNMENT(.z_deferred_init*))
                0x00000000000091d8                __deferred_init_list_end = .

device_area     0x00000000000091d8       0x64
                0x00000000000091d8                _device_list_start = .
 *(SORT_BY_NAME(SORT_BY_ALIGNMENT(._device.static.*_?_*)))
 *(SORT_BY_NAME(SORT_BY_ALIGNMENT(._device.static.*_??_*)))
 ._device.static.1_30_
                0x00000000000091d8       0x14 zephyr/drivers/clock_control/libdrivers__clock_control.a(clock_control_nrf.c.obj)
                0x00000000000091d8                __device_dts_ord_57
 ._device.static.1_40_
                0x00000000000091ec       0x3c zephyr/drivers/gpio/libdrivers__gpio.a(gpio_nrfx.c.obj)
                0x00000000000091ec                __device_dts_ord_12
                0x0000000000009200                __device_dts_ord_10
                0x0000000000009214                __device_dts_ord_24
 ._device.static.1_50_
                0x0000000000009228       0x14 zephyr/drivers/serial/libdrivers__serial.a(uart_nrfx_uarte.c.obj)
                0x0000000000009228                __device_dts_ord_99
                0x000000000000923c                _device_list_end = .

sw_isr_table    0x000000000000923c      0x878
                0x000000000000923c                . = ALIGN (0x4)
 *(SORT_BY_ALIGNMENT(.gnu.linkonce.sw_isr_table*))
 .gnu.linkonce.sw_isr_table
                0x000000000000923c      0x878 zephyr/CMakeFiles/zephyr_final.dir/isr_tables.c.obj
                0x000000000000923c                _sw_isr_table

initlevel_error
                0x0000000000009188        0x0
 *(SORT_BY_NAME(SORT_BY_ALIGNMENT(.z_init_[_A-Z0-9]*)))
                0x0000000000000001                ASSERT ((SIZEOF (initlevel_error) == 0x0), Undefined initialization levels used.)

app_shmem_regions
                0x0000000000009ab4        0x0
                0x0000000000009ab4                __app_shmem_regions_start = .
 *(SORT_BY_NAME(SORT_BY_ALIGNMENT(.app_regions.*)))
                0x0000000000009ab4                __app_shmem_regions_end = .

k_p4wq_initparam_area
                0x0000000000009ab4        0x0
                0x0000000000009ab4                _k_p4wq_initparam_list_start = .
 *(SORT_BY_NAME(SORT_BY_ALIGNMENT(._k_p4wq_initparam.static.*)))
                0x0000000000009ab4                _k_p4wq_initparam_list_end = .

_static_thread_data_area
                0x0000000000009ab4        0x0
                0x0000000000009ab4                __static_thread_data_list_start = .
 *(SORT_BY_NAME(SORT_BY_ALIGNMENT(.__static_thread_data.static.*)))
                0x0000000000009ab4                __static_thread_data_list_end = .

device_deps     0x0000000000009ab4        0x0
                0x0000000000009ab4                __device_deps_start = .
 *(SORT_BY_NAME(SORT_BY_ALIGNMENT(.__device_deps_pass2*)))
                0x0000000000009ab4                __device_deps_end = .

ztest           0x0000000000009ab4        0x0
                0x0000000000009ab4                _ztest_expected_result_entry_list_start = .
 *(SORT_BY_NAME(SORT_BY_ALIGNMENT(._ztest_expected_result_entry.static.*)))
                0x0000000000009ab4                _ztest_expected_result_entry_list_end = .
                0x0000000000009ab4                _ztest_suite_node_list_start = .
 *(SORT_BY_NAME(SORT_BY_ALIGNMENT(._ztest_suite_node.static.*)))
                0x0000000000009ab4                _ztest_suite_node_list_end = .
                0x0000000000009ab4                _ztest_unit_test_list_start = .
 *(SORT_BY_NAME(SORT_BY_ALIGNMENT(._ztest_unit_test.static.*)))
                0x0000000000009ab4                _ztest_unit_test_list_end = .
                0x0000000000009ab4                _ztest_test_rule_list_start = .
 *(SORT_BY_NAME(SORT_BY_ALIGNMENT(._ztest_test_rule.static.*)))
                0x0000000000009ab4                _ztest_test_rule_list_end = .

init_array      0x0000000000009ab4        0x0
 *(SORT_BY_NAME(SORT_BY_ALIGNMENT(.ctors*)))
 *(SORT_BY_NAME(SORT_BY_ALIGNMENT(.init_array*)))
                0x0000000000000001                ASSERT ((SIZEOF (init_array) == 0x0), GNU-style constructors required but STATIC_INIT_GNU not enabled)

bt_l2cap_fixed_chan_area
                0x0000000000009ab4        0x0
                0x0000000000009ab4                _bt_l2cap_fixed_chan_list_start = .
 *(SORT_BY_NAME(SORT_BY_ALIGNMENT(._bt_l2cap_fixed_chan.static.*)))
                0x0000000000009ab4                _bt_l2cap_fixed_chan_list_end = .

bt_gatt_service_static_area
                0x0000000000009ab4        0x0
                0x0000000000009ab4                _bt_gatt_service_static_list_start = .
 *(SORT_BY_NAME(SORT_BY_ALIGNMENT(._bt_gatt_service_static.static.*)))
                0x0000000000009ab4                _bt_gatt_service_static_list_end = .

log_strings_area
                0x0000000000009ab4        0x0
                0x0000000000009ab4                _log_strings_list_start = .
 *(SORT_BY_NAME(SORT_BY_ALIGNMENT(._log_strings.static.*)))
                0x0000000000009ab4                _log_strings_list_end = .

log_const_area  0x0000000000009ab4       0x58
                0x0000000000009ab4                _log_const_list_start = .
 *(SORT_BY_NAME(SORT_BY_ALIGNMENT(._log_const.static.*)))
 ._log_const.static.log_const_NRFX_EXAMPLE_
                0x0000000000009ab4        0x8 app/libapp.a(main.c.obj)
                0x0000000000009ab4                log_const_NRFX_EXAMPLE
 ._log_const.static.log_const_cache_nrfx_
                0x0000000000009abc        0x8 zephyr/drivers/cache/libdrivers__cache.a(cache_nrf.c.obj)
                0x0000000000009abc                log_const_cache_nrfx
 ._log_const.static.log_const_cbprintf_package_
                0x0000000000009ac4        0x8 zephyr/libzephyr.a(cbprintf_packaged.c.obj)
                0x0000000000009ac4                log_const_cbprintf_package
 ._log_const.static.log_const_clock_control_
                0x0000000000009acc        0x8 zephyr/drivers/clock_control/libdrivers__clock_control.a(clock_control_nrf.c.obj)
                0x0000000000009acc                log_const_clock_control
 ._log_const.static.log_const_log_
                0x0000000000009ad4        0x8 zephyr/libzephyr.a(log_core.c.obj)
                0x0000000000009ad4                log_const_log
 ._log_const.static.log_const_log_mgmt_
                0x0000000000009adc        0x8 zephyr/libzephyr.a(log_mgmt.c.obj)
                0x0000000000009adc                log_const_log_mgmt
 ._log_const.static.log_const_log_uart_
                0x0000000000009ae4        0x8 zephyr/libzephyr.a(log_backend_uart.c.obj)
                0x0000000000009ae4                log_const_log_uart
 ._log_const.static.log_const_mpu_
                0x0000000000009aec        0x8 zephyr/arch/arch/arm/core/mpu/libarch__arm__core__mpu.a(arm_core_mpu.c.obj)
                0x0000000000009aec                log_const_mpu
 ._log_const.static.log_const_os_
                0x0000000000009af4        0x8 zephyr/kernel/libkernel.a(init.c.obj)
                0x0000000000009af4                log_const_os
 ._log_const.static.log_const_soc_
                0x0000000000009afc        0x8 zephyr/soc/soc/nrf54l15/libsoc__nordic.a(soc.c.obj)
                0x0000000000009afc                log_const_soc
 ._log_const.static.log_const_uart_nrfx_uarte_
                0x0000000000009b04        0x8 zephyr/drivers/serial/libdrivers__serial.a(uart_nrfx_uarte.c.obj)
                0x0000000000009b04                log_const_uart_nrfx_uarte
                0x0000000000009b0c                _log_const_list_end = .

log_backend_area
                0x0000000000009b0c       0x10
                0x0000000000009b0c                _log_backend_list_start = .
 *(SORT_BY_NAME(SORT_BY_ALIGNMENT(._log_backend.static.*)))
 ._log_backend.static.log_backend_uart_
                0x0000000000009b0c       0x10 zephyr/libzephyr.a(log_backend_uart.c.obj)
                0x0000000000009b1c                _log_backend_list_end = .

log_link_area   0x0000000000009b1c        0x0
                0x0000000000009b1c                _log_link_list_start = .
 *(SORT_BY_NAME(SORT_BY_ALIGNMENT(._log_link.static.*)))
                0x0000000000009b1c                _log_link_list_end = .

tracing_backend_area
                0x0000000000009b1c        0x0
                0x0000000000009b1c                _tracing_backend_list_start = .
 *(SORT_BY_NAME(SORT_BY_ALIGNMENT(._tracing_backend.static.*)))
                0x0000000000009b1c                _tracing_backend_list_end = .

zephyr_dbg_info
 *(SORT_BY_ALIGNMENT(.dbg_thread_info))

intc_table_area
                0x0000000000009b1c        0x0
                0x0000000000009b1c                _intc_table_list_start = .
 *(SORT_BY_NAME(SORT_BY_ALIGNMENT(._intc_table.static.*)))
                0x0000000000009b1c                _intc_table_list_end = .

symbol_to_keep  0x0000000000009b1c        0x0
                0x0000000000009b1c                __symbol_to_keep_start = .
 *(SORT_BY_NAME(SORT_BY_ALIGNMENT(.symbol_to_keep*)))
                0x0000000000009b1c                __symbol_to_keep_end = .

shell_area      0x0000000000009b1c        0x0
                0x0000000000009b1c                _shell_list_start = .
 *(SORT_BY_NAME(SORT_BY_ALIGNMENT(._shell.static.*)))
                0x0000000000009b1c                _shell_list_end = .

shell_root_cmds_area
                0x0000000000009b1c        0x0
                0x0000000000009b1c                _shell_root_cmds_list_start = .
 *(SORT_BY_NAME(SORT_BY_ALIGNMENT(._shell_root_cmds.static.*)))
                0x0000000000009b1c                _shell_root_cmds_list_end = .

shell_subcmds_area
                0x0000000000009b1c        0x0
                0x0000000000009b1c                _shell_subcmds_list_start = .
 *(SORT_BY_NAME(SORT_BY_ALIGNMENT(._shell_subcmds.static.*)))
                0x0000000000009b1c                _shell_subcmds_list_end = .

shell_dynamic_subcmds_area
                0x0000000000009b1c        0x0
                0x0000000000009b1c                _shell_dynamic_subcmds_list_start = .
 *(SORT_BY_NAME(SORT_BY_ALIGNMENT(._shell_dynamic_subcmds.static.*)))
                0x0000000000009b1c                _shell_dynamic_subcmds_list_end = .

cfb_font_area   0x0000000000009b1c        0x0
                0x0000000000009b1c                _cfb_font_list_start = .
 *(SORT_BY_NAME(SORT_BY_ALIGNMENT(._cfb_font.static.*)))
                0x0000000000009b1c                _cfb_font_list_end = .

tdata           0x0000000000009b1c        0x0
 *(SORT_BY_ALIGNMENT(.tdata) SORT_BY_ALIGNMENT(.tdata.*) SORT_BY_ALIGNMENT(.gnu.linkonce.td.*))

tbss            0x0000000000009b1c        0x4
 *(SORT_BY_ALIGNMENT(.tbss) SORT_BY_ALIGNMENT(.tbss.*) SORT_BY_ALIGNMENT(.gnu.linkonce.tb.*) SORT_BY_ALIGNMENT(.tcommon))
 .tbss.z_tls_current
                0x0000000000009b1c        0x4 zephyr/libzephyr.a(thread_entry.c.obj)
                0x0000000000009b1c                z_tls_current
                0x0000000000009b1c                PROVIDE (__tdata_start = LOADADDR (tdata))
                0x0000000000000001                PROVIDE (__tdata_align = ALIGNOF (tdata))
                0x0000000000000000                PROVIDE (__tdata_size = (((SIZEOF (tdata) + __tdata_align) - 0x1) & ~ ((__tdata_align - 0x1))))
                [!provide]                        PROVIDE (__tdata_end = (__tdata_start + __tdata_size))
                0x0000000000000004                PROVIDE (__tbss_align = ALIGNOF (tbss))
                [!provide]                        PROVIDE (__tbss_start = ADDR (tbss))
                0x0000000000000004                PROVIDE (__tbss_size = (((SIZEOF (tbss) + __tbss_align) - 0x1) & ~ ((__tbss_align - 0x1))))
                [!provide]                        PROVIDE (__tbss_end = (__tbss_start + __tbss_size))
                [!provide]                        PROVIDE (__tls_start = __tdata_start)
                [!provide]                        PROVIDE (__tls_end = __tbss_end)
                [!provide]                        PROVIDE (__tls_size = (__tbss_end - __tdata_start))

rodata          0x0000000000009b20     0x3450
 *(SORT_BY_ALIGNMENT(.rodata))
 .rodata        0x0000000000009b20        0xc modules/hal_nordic/nrfx/libmodules__hal_nordic__nrfx.a(nrfx_gpiote.c.obj)
 .rodata        0x0000000000009b2c        0xc modules/hal_nordic/nrfx/libmodules__hal_nordic__nrfx.a(nrfx_grtc.c.obj)
 *(SORT_BY_ALIGNMENT(.rodata.*))
 *fill*         0x0000000000009b38        0x8 
 .rodata.delay_machine_code.0
                0x0000000000009b40        0x6 zephyr/soc/soc/nrf54l15/libsoc__nordic.a(soc.c.obj)
 *fill*         0x0000000000009b46        0xa 
 .rodata.delay_machine_code.0
                0x0000000000009b50        0x6 modules/hal_nordic/nrfx/libmodules__hal_nordic__nrfx.a(nrfx_grtc.c.obj)
 *fill*         0x0000000000009b56        0x2 
 .rodata.mpsc_config
                0x0000000000009b58       0x14 zephyr/libzephyr.a(log_core.c.obj)
 .rodata.format_table
                0x0000000000009b6c       0x10 zephyr/libzephyr.a(log_core.c.obj)
 .rodata.colors
                0x0000000000009b7c       0x14 zephyr/libzephyr.a(log_output.c.obj)
 .rodata.severity
                0x0000000000009b90       0x14 zephyr/libzephyr.a(log_output.c.obj)
 .rodata.lbu_cb_ctx
                0x0000000000009ba4        0x8 zephyr/libzephyr.a(log_backend_uart.c.obj)
 .rodata.lbu_output
                0x0000000000009bac       0x10 zephyr/libzephyr.a(log_backend_uart.c.obj)
 .rodata.log_backend_uart_api
                0x0000000000009bbc       0x1c zephyr/libzephyr.a(log_backend_uart.c.obj)
                0x0000000000009bbc                log_backend_uart_api
 .rodata.mem_attr_region
                0x0000000000009bd8        0x0 zephyr/libzephyr.a(mem_attr.c.obj)
 .rodata.static_regions
                0x0000000000009bd8        0xc zephyr/arch/arch/arm/core/mpu/libarch__arm__core__mpu.a(arm_core_mpu.c.obj)
 .rodata.mpu_config
                0x0000000000009be4        0x8 zephyr/arch/arch/arm/core/mpu/libarch__arm__core__mpu.a(arm_mpu_regions.c.obj)
                0x0000000000009be4                mpu_config
 .rodata.mpu_regions
                0x0000000000009bec       0x20 zephyr/arch/arch/arm/core/mpu/libarch__arm__core__mpu.a(arm_mpu_regions.c.obj)
 .rodata.transitions.0
                0x0000000000009c0c        0xc zephyr/drivers/clock_control/libdrivers__clock_control.a(clock_control_nrf.c.obj)
 .rodata.config
                0x0000000000009c18       0x18 zephyr/drivers/clock_control/libdrivers__clock_control.a(clock_control_nrf.c.obj)
 .rodata.clock_control_api
                0x0000000000009c30       0x1c zephyr/drivers/clock_control/libdrivers__clock_control.a(clock_control_nrf.c.obj)
 .rodata.CSWTCH.61
                0x0000000000009c4c        0xc zephyr/drivers/gpio/libdrivers__gpio.a(gpio_nrfx.c.obj)
 .rodata.CSWTCH.43
                0x0000000000009c58        0xc zephyr/drivers/gpio/libdrivers__gpio.a(gpio_nrfx.c.obj)
 .rodata.gpio_nrfx_p2_cfg
                0x0000000000009c64       0x18 zephyr/drivers/gpio/libdrivers__gpio.a(gpio_nrfx.c.obj)
 .rodata.gpio_nrfx_p1_cfg
                0x0000000000009c7c       0x18 zephyr/drivers/gpio/libdrivers__gpio.a(gpio_nrfx.c.obj)
 .rodata.gpio_nrfx_p0_cfg
                0x0000000000009c94       0x18 zephyr/drivers/gpio/libdrivers__gpio.a(gpio_nrfx.c.obj)
 .rodata.gpio_nrfx_drv_api_funcs
                0x0000000000009cac       0x24 zephyr/drivers/gpio/libdrivers__gpio.a(gpio_nrfx.c.obj)
 .rodata.CSWTCH.22
                0x0000000000009cd0        0xc zephyr/drivers/pinctrl/libdrivers__pinctrl.a(pinctrl_nrf.c.obj)
 .rodata.CSWTCH.19
                0x0000000000009cdc        0xc zephyr/drivers/pinctrl/libdrivers__pinctrl.a(pinctrl_nrf.c.obj)
 .rodata.uarte_20z_config
                0x0000000000009ce8       0x28 zephyr/drivers/serial/libdrivers__serial.a(uart_nrfx_uarte.c.obj)
 .rodata.__pinctrl_dev_config__device_dts_ord_99
                0x0000000000009d10        0xc zephyr/drivers/serial/libdrivers__serial.a(uart_nrfx_uarte.c.obj)
 .rodata.__pinctrl_states__device_dts_ord_99
                0x0000000000009d1c        0x8 zephyr/drivers/serial/libdrivers__serial.a(uart_nrfx_uarte.c.obj)
 .rodata.__pinctrl_state_pins_0__device_dts_ord_99
                0x0000000000009d24       0x10 zephyr/drivers/serial/libdrivers__serial.a(uart_nrfx_uarte.c.obj)
 .rodata.uart_nrfx_uarte_driver_api
                0x0000000000009d34        0xc zephyr/drivers/serial/libdrivers__serial.a(uart_nrfx_uarte.c.obj)
 .rodata.CSWTCH.878
                0x0000000000009d40        0xc modules/hal_nordic/nrfx/libmodules__hal_nordic__nrfx.a(nrfx_gpiote.c.obj)
 .rodata.CSWTCH.852
                0x0000000000009d4c        0xc modules/hal_nordic/nrfx/libmodules__hal_nordic__nrfx.a(nrfx_gpiote.c.obj)
 .rodata.CSWTCH.486
                0x0000000000009d58       0x14 zephyr/kernel/libkernel.a(fatal.c.obj)
 .rodata.levels.0
                0x0000000000009d6c       0x18 zephyr/kernel/libkernel.a(init.c.obj)
 .rodata.timer_handler.part.0.str1.1
                0x0000000000009d84       0x34 app/libapp.a(main.c.obj)
 .rodata.main.str1.1
                0x0000000000009db8       0xe3 app/libapp.a(main.c.obj)
 .rodata.str1.1
                0x0000000000009e9b        0xd app/libapp.a(main.c.obj)
 .rodata.sys_heap_free.str1.1
                0x0000000000009ea8       0xce zephyr/libzephyr.a(heap.c.obj)
                                         0xeb (size before relaxing)
 .rodata.sys_heap_init.str1.1
                0x0000000000009f76       0xbb zephyr/libzephyr.a(heap.c.obj)
 .rodata.cbvprintf_package.str1.1
                0x000000000000a031       0x95 zephyr/libzephyr.a(cbprintf_packaged.c.obj)
                                         0xb4 (size before relaxing)
 .rodata.cbprintf_package_convert.str1.1
                0x000000000000a0c6       0xfd zephyr/libzephyr.a(cbprintf_packaged.c.obj)
 .rodata.str1.1
                0x000000000000a1c3       0x11 zephyr/libzephyr.a(cbprintf_packaged.c.obj)
 .rodata.mpsc_pbuf_init.str1.1
                0x000000000000a1d4       0x2f zephyr/libzephyr.a(mpsc_pbuf.c.obj)
                                         0x4c (size before relaxing)
 .rodata.mpsc_pbuf_put_word.str1.1
                0x000000000000a203       0x84 zephyr/libzephyr.a(mpsc_pbuf.c.obj)
 .rodata.process_event.str1.1
                0x000000000000a287       0xa6 zephyr/libzephyr.a(onoff.c.obj)
                                        0x149 (size before relaxing)
 .rodata.sys_notify_finalize.str1.1
                0x000000000000a32d       0x26 zephyr/libzephyr.a(notify.c.obj)
                                         0x45 (size before relaxing)
 .rodata.z_log_init.isra.0.str1.1
                0x000000000000a353       0x9d zephyr/libzephyr.a(log_core.c.obj)
                                         0xba (size before relaxing)
 .rodata.z_log_msg_post_finalize.str1.1
                0x000000000000a3f0       0x84 zephyr/libzephyr.a(log_core.c.obj)
 .rodata.str1.1
                0x000000000000a3f0        0x4 zephyr/libzephyr.a(log_core.c.obj)
 .rodata.get_link_domain.str1.1
                0x000000000000a3f4       0x48 zephyr/libzephyr.a(log_mgmt.c.obj)
                                         0x84 (size before relaxing)
 .rodata.log_backend_id_get.part.0.str1.1
                0x000000000000a43c       0x4f zephyr/libzephyr.a(log_mgmt.c.obj)
 .rodata.str1.1
                0x000000000000a48b        0x9 zephyr/libzephyr.a(log_mgmt.c.obj)
 .rodata.z_impl_z_log_msg_static_create.str1.1
                0x000000000000a494       0x6b zephyr/libzephyr.a(log_msg.c.obj)
                                         0x91 (size before relaxing)
 .rodata.z_log_msg_runtime_vcreate.str1.1
                0x000000000000a4ff       0x42 zephyr/libzephyr.a(log_msg.c.obj)
 .rodata.newline_print.str1.1
                0x000000000000a541        0x3 zephyr/libzephyr.a(log_output.c.obj)
                                          0x5 (size before relaxing)
 .rodata.out_func.str1.1
                0x000000000000a544       0x5f zephyr/libzephyr.a(log_output.c.obj)
                                         0x7c (size before relaxing)
 .rodata.log_output_process.str1.1
                0x000000000000a5a3       0x61 zephyr/libzephyr.a(log_output.c.obj)
                                         0x66 (size before relaxing)
 .rodata.log_output_dropped_process.str1.1
                0x000000000000a604       0x61 zephyr/libzephyr.a(log_output.c.obj)
                                          0x3 (size before relaxing)
 .rodata.postfix.0
                0x000000000000a604       0x1c zephyr/libzephyr.a(log_output.c.obj)
 .rodata.prefix.1
                0x000000000000a620        0xc zephyr/libzephyr.a(log_output.c.obj)
 .rodata.str1.1
                0x000000000000a62c       0x20 zephyr/libzephyr.a(log_output.c.obj)
 .rodata.log_backend_uart_init.str1.1
                0x000000000000a64c       0x58 zephyr/libzephyr.a(log_backend_uart.c.obj)
                                         0x75 (size before relaxing)
 .rodata.str1.1
                0x000000000000a6a4       0x1a zephyr/libzephyr.a(log_backend_uart.c.obj)
 .rodata.boot_banner.str1.1
                0x000000000000a6be       0x63 zephyr/libzephyr.a(banner.c.obj)
 .rodata.z_arm_fatal_error.str1.1
                0x000000000000a721       0xae zephyr/arch/arch/arm/core/libarch__arm__core.a(fatal.c.obj)
 .rodata.mem_manage_fault.constprop.0.str1.1
                0x000000000000a7cf      0x1b8 zephyr/arch/arch/arm/core/cortex_m/libarch__arm__core__cortex_m.a(fault.c.obj)
                                        0x1d5 (size before relaxing)
 .rodata.usage_fault.constprop.0.str1.1
                0x000000000000a987       0xf7 zephyr/arch/arch/arm/core/cortex_m/libarch__arm__core__cortex_m.a(fault.c.obj)
 .rodata.bus_fault.constprop.0.str1.1
                0x000000000000aa7e       0x88 zephyr/arch/arch/arm/core/cortex_m/libarch__arm__core__cortex_m.a(fault.c.obj)
 .rodata.z_arm_fault.str1.1
                0x000000000000ab06      0x1b6 zephyr/arch/arch/arm/core/cortex_m/libarch__arm__core__cortex_m.a(fault.c.obj)
                                        0x1b8 (size before relaxing)
 .rodata.z_arm_irq_priority_set.str1.1
                0x000000000000acbc       0x92 zephyr/arch/arch/arm/core/cortex_m/libarch__arm__core__cortex_m.a(irq_manage.c.obj)
                                         0xaf (size before relaxing)
 .rodata.str1.1
                0x000000000000ad4e        0x4 zephyr/arch/arch/arm/core/mpu/libarch__arm__core__mpu.a(arm_core_mpu.c.obj)
 .rodata.region_allocate_and_init.str1.1
                0x000000000000ad52       0x26 zephyr/arch/arch/arm/core/mpu/libarch__arm__core__mpu.a(arm_mpu.c.obj)
 .rodata.mpu_configure_regions_and_partition.constprop.0.str1.1
                0x000000000000ad78       0x46 zephyr/arch/arch/arm/core/mpu/libarch__arm__core__mpu.a(arm_mpu.c.obj)
 .rodata.arm_core_mpu_configure_static_mpu_regions.str1.1
                0x000000000000adbe       0x5b zephyr/arch/arch/arm/core/mpu/libarch__arm__core__mpu.a(arm_mpu.c.obj)
                                         0x7a (size before relaxing)
 .rodata.arm_core_mpu_mark_areas_for_dynamic_regions.str1.1
                0x000000000000ae19       0x2f zephyr/arch/arch/arm/core/mpu/libarch__arm__core__mpu.a(arm_mpu.c.obj)
 .rodata.z_arm_mpu_init.str1.1
                0x000000000000ae48       0xb3 zephyr/arch/arch/arm/core/mpu/libarch__arm__core__mpu.a(arm_mpu.c.obj)
 .rodata.str1.1
                0x000000000000aefb        0xf zephyr/arch/arch/arm/core/mpu/libarch__arm__core__mpu.a(arm_mpu_regions.c.obj)
 .rodata.str1.1
                0x000000000000af0a        0x4 zephyr/soc/soc/nrf54l15/libsoc__nordic.a(soc.c.obj)
 .rodata.str1.1
                0x000000000000af0e        0xb zephyr/drivers/cache/libdrivers__cache.a(cache_nrf.c.obj)
 .rodata.get_status.str1.1
                0x000000000000af19       0x61 zephyr/drivers/clock_control/libdrivers__clock_control.a(clock_control_nrf.c.obj)
                                         0x7e (size before relaxing)
 .rodata.clock_event_handler.str1.1
                0x000000000000af7a        0x2 zephyr/drivers/clock_control/libdrivers__clock_control.a(clock_control_nrf.c.obj)
 .rodata.z_nrf_clock_control_lf_on.str1.1
                0x000000000000af7a        0x9 zephyr/drivers/clock_control/libdrivers__clock_control.a(clock_control_nrf.c.obj)
 .rodata.str1.1
                0x000000000000af7a       0x27 zephyr/drivers/clock_control/libdrivers__clock_control.a(clock_control_nrf.c.obj)
 .rodata.gpio_nrfx_manage_callback.str1.1
                0x000000000000afa1       0x7d zephyr/drivers/gpio/libdrivers__gpio.a(gpio_nrfx.c.obj)
                                         0x9a (size before relaxing)
 .rodata.nrf_gpio_pin_port_decode.str1.1
                0x000000000000b01e       0x56 zephyr/drivers/gpio/libdrivers__gpio.a(gpio_nrfx.c.obj)
 .rodata.gpio_nrfx_pin_configure.str1.1
                0x000000000000b074       0x40 zephyr/drivers/gpio/libdrivers__gpio.a(gpio_nrfx.c.obj)
 .rodata.nrfx_gpio_handler.str1.1
                0x000000000000b0b4        0xc zephyr/drivers/gpio/libdrivers__gpio.a(gpio_nrfx.c.obj)
 .rodata.str1.1
                0x000000000000b0c0       0x22 zephyr/drivers/gpio/libdrivers__gpio.a(gpio_nrfx.c.obj)
 .rodata.nrf_gpio_pin_port_decode.str1.1
                0x000000000000b0e2       0x73 zephyr/drivers/pinctrl/libdrivers__pinctrl.a(pinctrl_nrf.c.obj)
 .rodata.drive_modes
                0x000000000000b0e2        0x9 zephyr/drivers/pinctrl/libdrivers__pinctrl.a(pinctrl_nrf.c.obj)
 .rodata.str1.1
                0x000000000000b0eb       0x1b zephyr/drivers/serial/libdrivers__serial.a(uart_nrfx_uarte.c.obj)
 .rodata.z_nrf_grtc_timer_chan_free.str1.1
                0x000000000000b106      0x19d zephyr/drivers/timer/libdrivers__timer.a(nrf_grtc_timer.c.obj)
                                        0x1ba (size before relaxing)
 .rodata.sys_clock_cycle_get_32.str1.1
                0x000000000000b2a3       0x84 zephyr/drivers/timer/libdrivers__timer.a(nrf_grtc_timer.c.obj)
 .rodata.clock_stop.str1.1
                0x000000000000b2a3       0x71 modules/hal_nordic/nrfx/libmodules__hal_nordic__nrfx.a(nrfx_clock.c.obj)
                                         0x90 (size before relaxing)
 .rodata.nrfx_clock_enable.str1.1
                0x000000000000b314       0x1e modules/hal_nordic/nrfx/libmodules__hal_nordic__nrfx.a(nrfx_clock.c.obj)
 .rodata.nrf_gpiote_out_task_get.str1.1
                0x000000000000b332       0x3f modules/hal_nordic/nrfx/libmodules__hal_nordic__nrfx.a(nrfx_gpiote.c.obj)
                                         0x5c (size before relaxing)
 .rodata.release_handler.str1.1
                0x000000000000b371       0x3e modules/hal_nordic/nrfx/libmodules__hal_nordic__nrfx.a(nrfx_gpiote.c.obj)
                                         0x52 (size before relaxing)
 .rodata.nrf_gpio_pin_port_decode.str1.1
                0x000000000000b3af       0x58 modules/hal_nordic/nrfx/libmodules__hal_nordic__nrfx.a(nrfx_gpiote.c.obj)
 .rodata.pin_in_event_get.str1.1